This file contains any messages produced by compilers while
running configure, to aid debugging if configure makes a mistake.

It was created by libgloss configure LIBGLOSS_VERSION, which was
generated by GNU Autoconf 2.69.  Invocation command line was

  $ /home/student/Documents/SES/Lab6/ses-worksheet-6/newlib-cygwin/libgloss/configure --srcdir=../../../newlib-cygwin/libgloss --cache-file=./config.cache --with-newlib --with-cross-host=x86_64-pc-linux-gnu --disable-newlib-supplied-syscalls -prefix=/home/student/Documents/SES/Lab6/ses-worksheet-6/newlib-arm-none-eabi --with-gnu-as --with-gun-ld --enable-multilib=no --program-transform-name=s&^&arm-none-eabi-& --disable-option-checking --with-target-subdir=arm-none-eabi --build=x86_64-pc-linux-gnu --host=arm-none-eabi --target=arm-none-eabi

## --------- ##
## Platform. ##
## --------- ##

hostname = ubuntu
uname -m = x86_64
uname -r = 5.15.0-139-generic
uname -s = Linux
uname -v = #149~20.04.1-Ubuntu SMP Wed Apr 16 08:29:56 UTC 2025

/usr/bin/uname -p = x86_64
/bin/uname -X     = unknown

/bin/arch              = x86_64
/usr/bin/arch -k       = unknown
/usr/convex/getsysinfo = unknown
/usr/bin/hostinfo      = unknown
/bin/machine           = unknown
/usr/bin/oslevel       = unknown
/bin/universe          = unknown

PATH: /usr/local/sbin
PATH: /usr/local/bin
PATH: /usr/sbin
PATH: /usr/bin
PATH: /sbin
PATH: /bin
PATH: /usr/games
PATH: /usr/local/games
PATH: /snap/bin


## ----------- ##
## Core tests. ##
## ----------- ##

configure:1911: creating cache ./config.cache
configure:2059: checking for a BSD-compatible install
configure:2127: result: /usr/bin/install -c
configure:2143: checking build system type
configure:2157: result: x86_64-pc-linux-gnu
configure:2177: checking host system type
configure:2190: result: arm-none-eabi
configure:2210: checking target system type
configure:2223: result: arm-none-eabi
configure:2252: checking whether build environment is sane
configure:2307: result: yes
configure:2364: checking for arm-none-eabi-strip
configure:2391: result: arm-none-eabi-strip
configure:2456: checking for a thread-safe mkdir -p
configure:2495: result: /usr/bin/mkdir -p
configure:2502: checking for gawk
configure:2529: result: mawk
configure:2540: checking whether make sets $(MAKE)
configure:2562: result: yes
configure:2591: checking whether make supports nested variables
configure:2608: result: yes
configure:2726: checking whether to enable maintainer-specific portions of Makefiles
configure:2735: result: no
configure:2759: checking whether make supports nested variables
configure:2776: result: yes
configure:3329: checking for arm-none-eabi-gcc
configure:3356: result: arm-none-eabi-gcc -B/home/student/Documents/SES/Lab6/ses-worksheet-6/newlib-arm-none-eabi/arm-none-eabi/newlib/ -isystem /home/student/Documents/SES/Lab6/ses-worksheet-6/newlib-arm-none-eabi/arm-none-eabi/newlib/targ-include -isystem /home/student/Documents/SES/Lab6/ses-worksheet-6/newlib-cygwin/newlib/libc/include -B/home/student/Documents/SES/Lab6/ses-worksheet-6/newlib-arm-none-eabi/arm-none-eabi/libgloss/arm -L/home/student/Documents/SES/Lab6/ses-worksheet-6/newlib-arm-none-eabi/arm-none-eabi/libgloss/libnosys -L/home/student/Documents/SES/Lab6/ses-worksheet-6/newlib-cygwin/libgloss/arm   
configure:3625: checking for C compiler version
configure:3634: arm-none-eabi-gcc -B/home/student/Documents/SES/Lab6/ses-worksheet-6/newlib-arm-none-eabi/arm-none-eabi/newlib/ -isystem /home/student/Documents/SES/Lab6/ses-worksheet-6/newlib-arm-none-eabi/arm-none-eabi/newlib/targ-include -isystem /home/student/Documents/SES/Lab6/ses-worksheet-6/newlib-cygwin/newlib/libc/include -B/home/student/Documents/SES/Lab6/ses-worksheet-6/newlib-arm-none-eabi/arm-none-eabi/libgloss/arm -L/home/student/Documents/SES/Lab6/ses-worksheet-6/newlib-arm-none-eabi/arm-none-eabi/libgloss/libnosys -L/home/student/Documents/SES/Lab6/ses-worksheet-6/newlib-cygwin/libgloss/arm    --version >&5
arm-none-eabi-gcc (15:9-2019-q4-0ubuntu1) 9.2.1 20191025 (release) [ARM/arm-9-branch revision 277599]
Copyright (C) 2019 Free Software Foundation, Inc.
This is free software; see the source for copying conditions.  There is NO
warranty; not even for MERCHANTABILITY or FITNESS FOR A PARTICULAR PURPOSE.

configure:3645: $? = 0
configure:3634: arm-none-eabi-gcc -B/home/student/Documents/SES/Lab6/ses-worksheet-6/newlib-arm-none-eabi/arm-none-eabi/newlib/ -isystem /home/student/Documents/SES/Lab6/ses-worksheet-6/newlib-arm-none-eabi/arm-none-eabi/newlib/targ-include -isystem /home/student/Documents/SES/Lab6/ses-worksheet-6/newlib-cygwin/newlib/libc/include -B/home/student/Documents/SES/Lab6/ses-worksheet-6/newlib-arm-none-eabi/arm-none-eabi/libgloss/arm -L/home/student/Documents/SES/Lab6/ses-worksheet-6/newlib-arm-none-eabi/arm-none-eabi/libgloss/libnosys -L/home/student/Documents/SES/Lab6/ses-worksheet-6/newlib-cygwin/libgloss/arm    -v >&5
Using built-in specs.
COLLECT_GCC=arm-none-eabi-gcc
COLLECT_LTO_WRAPPER=/usr/lib/gcc/arm-none-eabi/9.2.1/lto-wrapper
Target: arm-none-eabi
Configured with: ../configure --build=x86_64-linux-gnu --prefix=/usr --includedir='/usr/lib/include' --mandir='/usr/lib/share/man' --infodir='/usr/lib/share/info' --sysconfdir=/etc --localstatedir=/var --disable-silent-rules --libdir='/usr/lib/lib/x86_64-linux-gnu' --libexecdir='/usr/lib/lib/x86_64-linux-gnu' --disable-maintainer-mode --disable-dependency-tracking --mandir=/usr/share/man --enable-languages=c,c++,lto --enable-multilib --disable-decimal-float --disable-libffi --disable-libgomp --disable-libmudflap --disable-libquadmath --disable-libssp --disable-libstdcxx-pch --disable-nls --disable-shared --disable-threads --enable-tls --build=x86_64-linux-gnu --target=arm-none-eabi --with-system-zlib --with-gnu-as --with-gnu-ld --with-pkgversion=15:9-2019-q4-0ubuntu1 --without-included-gettext --prefix=/usr/lib --infodir=/usr/share/doc/gcc-arm-none-eabi/info --htmldir=/usr/share/doc/gcc-arm-none-eabi/html --pdfdir=/usr/share/doc/gcc-arm-none-eabi/pdf --bindir=/usr/bin --libexecdir=/usr/lib --libdir=/usr/lib --disable-libstdc++-v3 --host=x86_64-linux-gnu --with-headers=no --without-newlib --with-multilib-list=rmprofile CFLAGS='-g -O2 -fdebug-prefix-map=/build/gcc-arm-none-eabi-Gl9kT9/gcc-arm-none-eabi-9-2019-q4=. -fstack-protector-strong' CPPFLAGS='-Wdate-time -D_FORTIFY_SOURCE=2' CXXFLAGS='-g -O2 -fdebug-prefix-map=/build/gcc-arm-none-eabi-Gl9kT9/gcc-arm-none-eabi-9-2019-q4=. -fstack-protector-strong' FCFLAGS='-g -O2 -fdebug-prefix-map=/build/gcc-arm-none-eabi-Gl9kT9/gcc-arm-none-eabi-9-2019-q4=. -fstack-protector-strong' FFLAGS='-g -O2 -fdebug-prefix-map=/build/gcc-arm-none-eabi-Gl9kT9/gcc-arm-none-eabi-9-2019-q4=. -fstack-protector-strong' GCJFLAGS='-g -O2 -fdebug-prefix-map=/build/gcc-arm-none-eabi-Gl9kT9/gcc-arm-none-eabi-9-2019-q4=. -fstack-protector-strong' LDFLAGS='-Wl,-Bsymbolic-functions -Wl,-z,relro' OBJCFLAGS='-g -O2 -fdebug-prefix-map=/build/gcc-arm-none-eabi-Gl9kT9/gcc-arm-none-eabi-9-2019-q4=. -fstack-protector-strong' OBJCXXFLAGS='-g -O2 -fdebug-prefix-map=/build/gcc-arm-none-eabi-Gl9kT9/gcc-arm-none-eabi-9-2019-q4=. -fstack-protector-strong' INHIBIT_LIBC_CFLAGS=-DUSE_TM_CLONE_REGISTRY=0 AR_FOR_TARGET=arm-none-eabi-ar AS_FOR_TARGET=arm-none-eabi-as LD_FOR_TARGET=arm-none-eabi-ld NM_FOR_TARGET=arm-none-eabi-nm OBJDUMP_FOR_TARGET=arm-none-eabi-objdump RANLIB_FOR_TARGET=arm-none-eabi-ranlib READELF_FOR_TARGET=arm-none-eabi-readelf STRIP_FOR_TARGET=arm-none-eabi-strip
Thread model: single
gcc version 9.2.1 20191025 (release) [ARM/arm-9-branch revision 277599] (15:9-2019-q4-0ubuntu1) 
configure:3645: $? = 0
configure:3634: arm-none-eabi-gcc -B/home/student/Documents/SES/Lab6/ses-worksheet-6/newlib-arm-none-eabi/arm-none-eabi/newlib/ -isystem /home/student/Documents/SES/Lab6/ses-worksheet-6/newlib-arm-none-eabi/arm-none-eabi/newlib/targ-include -isystem /home/student/Documents/SES/Lab6/ses-worksheet-6/newlib-cygwin/newlib/libc/include -B/home/student/Documents/SES/Lab6/ses-worksheet-6/newlib-arm-none-eabi/arm-none-eabi/libgloss/arm -L/home/student/Documents/SES/Lab6/ses-worksheet-6/newlib-arm-none-eabi/arm-none-eabi/libgloss/libnosys -L/home/student/Documents/SES/Lab6/ses-worksheet-6/newlib-cygwin/libgloss/arm    -V >&5
arm-none-eabi-gcc: error: unrecognized command line option '-V'
arm-none-eabi-gcc: fatal error: no input files
compilation terminated.
configure:3645: $? = 1
configure:3634: arm-none-eabi-gcc -B/home/student/Documents/SES/Lab6/ses-worksheet-6/newlib-arm-none-eabi/arm-none-eabi/newlib/ -isystem /home/student/Documents/SES/Lab6/ses-worksheet-6/newlib-arm-none-eabi/arm-none-eabi/newlib/targ-include -isystem /home/student/Documents/SES/Lab6/ses-worksheet-6/newlib-cygwin/newlib/libc/include -B/home/student/Documents/SES/Lab6/ses-worksheet-6/newlib-arm-none-eabi/arm-none-eabi/libgloss/arm -L/home/student/Documents/SES/Lab6/ses-worksheet-6/newlib-arm-none-eabi/arm-none-eabi/libgloss/libnosys -L/home/student/Documents/SES/Lab6/ses-worksheet-6/newlib-cygwin/libgloss/arm    -qversion >&5
arm-none-eabi-gcc: error: unrecognized command line option '-qversion'; did you mean '--version'?
arm-none-eabi-gcc: fatal error: no input files
compilation terminated.
configure:3645: $? = 1
configure:3665: arm-none-eabi-gcc -B/home/student/Documents/SES/Lab6/ses-worksheet-6/newlib-arm-none-eabi/arm-none-eabi/newlib/ -isystem /home/student/Documents/SES/Lab6/ses-worksheet-6/newlib-arm-none-eabi/arm-none-eabi/newlib/targ-include -isystem /home/student/Documents/SES/Lab6/ses-worksheet-6/newlib-cygwin/newlib/libc/include -B/home/student/Documents/SES/Lab6/ses-worksheet-6/newlib-arm-none-eabi/arm-none-eabi/libgloss/arm -L/home/student/Documents/SES/Lab6/ses-worksheet-6/newlib-arm-none-eabi/arm-none-eabi/libgloss/libnosys -L/home/student/Documents/SES/Lab6/ses-worksheet-6/newlib-cygwin/libgloss/arm    -o conftest -ffunction-sections -fdata-sections -DPREFER_SIZE_OVER_SPEED -D__OPTIMIZE_SIZE__ -Os -fomit-frame-pointer -march=armv7-m -mcpu=cortex-m3 -mthumb -mthumb-interwork -D__thumb2__ -D__BUFSIZ=256   conftest.c  >&5
/usr/lib/gcc/arm-none-eabi/9.2.1/../../../arm-none-eabi/bin/ld: /usr/lib/gcc/arm-none-eabi/9.2.1/../../../arm-none-eabi/lib/thumb/v7-m/nofp/libc.a(lib_a-exit.o): in function `exit':
/build/newlib-CVVEyx/newlib-3.3.0/build/arm-none-eabi/thumb/v7-m/nofp/newlib/libc/stdlib/../../../../../../../../newlib/libc/stdlib/exit.c:64: undefined reference to `_exit'
collect2: error: ld returned 1 exit status
configure:3669: $? = 1
configure:3882: checking whether we are cross compiling
configure:3920: result: yes
configure:3924: checking for suffix of object files
configure:3946: arm-none-eabi-gcc -B/home/student/Documents/SES/Lab6/ses-worksheet-6/newlib-arm-none-eabi/arm-none-eabi/newlib/ -isystem /home/student/Documents/SES/Lab6/ses-worksheet-6/newlib-arm-none-eabi/arm-none-eabi/newlib/targ-include -isystem /home/student/Documents/SES/Lab6/ses-worksheet-6/newlib-cygwin/newlib/libc/include -B/home/student/Documents/SES/Lab6/ses-worksheet-6/newlib-arm-none-eabi/arm-none-eabi/libgloss/arm -L/home/student/Documents/SES/Lab6/ses-worksheet-6/newlib-arm-none-eabi/arm-none-eabi/libgloss/libnosys -L/home/student/Documents/SES/Lab6/ses-worksheet-6/newlib-cygwin/libgloss/arm    -c -ffunction-sections -fdata-sections -DPREFER_SIZE_OVER_SPEED -D__OPTIMIZE_SIZE__ -Os -fomit-frame-pointer -march=armv7-m -mcpu=cortex-m3 -mthumb -mthumb-interwork -D__thumb2__ -D__BUFSIZ=256  conftest.c >&5
configure:3950: $? = 0
configure:3971: result: o
configure:3975: checking whether we are using the GNU C compiler
configure:3994: arm-none-eabi-gcc -B/home/student/Documents/SES/Lab6/ses-worksheet-6/newlib-arm-none-eabi/arm-none-eabi/newlib/ -isystem /home/student/Documents/SES/Lab6/ses-worksheet-6/newlib-arm-none-eabi/arm-none-eabi/newlib/targ-include -isystem /home/student/Documents/SES/Lab6/ses-worksheet-6/newlib-cygwin/newlib/libc/include -B/home/student/Documents/SES/Lab6/ses-worksheet-6/newlib-arm-none-eabi/arm-none-eabi/libgloss/arm -L/home/student/Documents/SES/Lab6/ses-worksheet-6/newlib-arm-none-eabi/arm-none-eabi/libgloss/libnosys -L/home/student/Documents/SES/Lab6/ses-worksheet-6/newlib-cygwin/libgloss/arm    -c -ffunction-sections -fdata-sections -DPREFER_SIZE_OVER_SPEED -D__OPTIMIZE_SIZE__ -Os -fomit-frame-pointer -march=armv7-m -mcpu=cortex-m3 -mthumb -mthumb-interwork -D__thumb2__ -D__BUFSIZ=256  conftest.c >&5
configure:3994: $? = 0
configure:4003: result: yes
configure:4012: checking whether arm-none-eabi-gcc -B/home/student/Documents/SES/Lab6/ses-worksheet-6/newlib-arm-none-eabi/arm-none-eabi/newlib/ -isystem /home/student/Documents/SES/Lab6/ses-worksheet-6/newlib-arm-none-eabi/arm-none-eabi/newlib/targ-include -isystem /home/student/Documents/SES/Lab6/ses-worksheet-6/newlib-cygwin/newlib/libc/include -B/home/student/Documents/SES/Lab6/ses-worksheet-6/newlib-arm-none-eabi/arm-none-eabi/libgloss/arm -L/home/student/Documents/SES/Lab6/ses-worksheet-6/newlib-arm-none-eabi/arm-none-eabi/libgloss/libnosys -L/home/student/Documents/SES/Lab6/ses-worksheet-6/newlib-cygwin/libgloss/arm    accepts -g
configure:4032: arm-none-eabi-gcc -B/home/student/Documents/SES/Lab6/ses-worksheet-6/newlib-arm-none-eabi/arm-none-eabi/newlib/ -isystem /home/student/Documents/SES/Lab6/ses-worksheet-6/newlib-arm-none-eabi/arm-none-eabi/newlib/targ-include -isystem /home/student/Documents/SES/Lab6/ses-worksheet-6/newlib-cygwin/newlib/libc/include -B/home/student/Documents/SES/Lab6/ses-worksheet-6/newlib-arm-none-eabi/arm-none-eabi/libgloss/arm -L/home/student/Documents/SES/Lab6/ses-worksheet-6/newlib-arm-none-eabi/arm-none-eabi/libgloss/libnosys -L/home/student/Documents/SES/Lab6/ses-worksheet-6/newlib-cygwin/libgloss/arm    -c -g  conftest.c >&5
configure:4032: $? = 0
configure:4073: result: yes
configure:4090: checking for arm-none-eabi-gcc -B/home/student/Documents/SES/Lab6/ses-worksheet-6/newlib-arm-none-eabi/arm-none-eabi/newlib/ -isystem /home/student/Documents/SES/Lab6/ses-worksheet-6/newlib-arm-none-eabi/arm-none-eabi/newlib/targ-include -isystem /home/student/Documents/SES/Lab6/ses-worksheet-6/newlib-cygwin/newlib/libc/include -B/home/student/Documents/SES/Lab6/ses-worksheet-6/newlib-arm-none-eabi/arm-none-eabi/libgloss/arm -L/home/student/Documents/SES/Lab6/ses-worksheet-6/newlib-arm-none-eabi/arm-none-eabi/libgloss/libnosys -L/home/student/Documents/SES/Lab6/ses-worksheet-6/newlib-cygwin/libgloss/arm    option to accept ISO C89
configure:4153: arm-none-eabi-gcc -B/home/student/Documents/SES/Lab6/ses-worksheet-6/newlib-arm-none-eabi/arm-none-eabi/newlib/ -isystem /home/student/Documents/SES/Lab6/ses-worksheet-6/newlib-arm-none-eabi/arm-none-eabi/newlib/targ-include -isystem /home/student/Documents/SES/Lab6/ses-worksheet-6/newlib-cygwin/newlib/libc/include -B/home/student/Documents/SES/Lab6/ses-worksheet-6/newlib-arm-none-eabi/arm-none-eabi/libgloss/arm -L/home/student/Documents/SES/Lab6/ses-worksheet-6/newlib-arm-none-eabi/arm-none-eabi/libgloss/libnosys -L/home/student/Documents/SES/Lab6/ses-worksheet-6/newlib-cygwin/libgloss/arm     -c -ffunction-sections -fdata-sections -DPREFER_SIZE_OVER_SPEED -D__OPTIMIZE_SIZE__ -Os -fomit-frame-pointer -march=armv7-m -mcpu=cortex-m3 -mthumb -mthumb-interwork -D__thumb2__ -D__BUFSIZ=256  conftest.c >&5
configure:4153: $? = 0
configure:4166: result: none needed
configure:4191: checking whether arm-none-eabi-gcc -B/home/student/Documents/SES/Lab6/ses-worksheet-6/newlib-arm-none-eabi/arm-none-eabi/newlib/ -isystem /home/student/Documents/SES/Lab6/ses-worksheet-6/newlib-arm-none-eabi/arm-none-eabi/newlib/targ-include -isystem /home/student/Documents/SES/Lab6/ses-worksheet-6/newlib-cygwin/newlib/libc/include -B/home/student/Documents/SES/Lab6/ses-worksheet-6/newlib-arm-none-eabi/arm-none-eabi/libgloss/arm -L/home/student/Documents/SES/Lab6/ses-worksheet-6/newlib-arm-none-eabi/arm-none-eabi/libgloss/libnosys -L/home/student/Documents/SES/Lab6/ses-worksheet-6/newlib-cygwin/libgloss/arm    understands -c and -o together
configure:4213: arm-none-eabi-gcc -B/home/student/Documents/SES/Lab6/ses-worksheet-6/newlib-arm-none-eabi/arm-none-eabi/newlib/ -isystem /home/student/Documents/SES/Lab6/ses-worksheet-6/newlib-arm-none-eabi/arm-none-eabi/newlib/targ-include -isystem /home/student/Documents/SES/Lab6/ses-worksheet-6/newlib-cygwin/newlib/libc/include -B/home/student/Documents/SES/Lab6/ses-worksheet-6/newlib-arm-none-eabi/arm-none-eabi/libgloss/arm -L/home/student/Documents/SES/Lab6/ses-worksheet-6/newlib-arm-none-eabi/arm-none-eabi/libgloss/libnosys -L/home/student/Documents/SES/Lab6/ses-worksheet-6/newlib-cygwin/libgloss/arm    -c conftest.c -o conftest2.o
configure:4216: $? = 0
configure:4213: arm-none-eabi-gcc -B/home/student/Documents/SES/Lab6/ses-worksheet-6/newlib-arm-none-eabi/arm-none-eabi/newlib/ -isystem /home/student/Documents/SES/Lab6/ses-worksheet-6/newlib-arm-none-eabi/arm-none-eabi/newlib/targ-include -isystem /home/student/Documents/SES/Lab6/ses-worksheet-6/newlib-cygwin/newlib/libc/include -B/home/student/Documents/SES/Lab6/ses-worksheet-6/newlib-arm-none-eabi/arm-none-eabi/libgloss/arm -L/home/student/Documents/SES/Lab6/ses-worksheet-6/newlib-arm-none-eabi/arm-none-eabi/libgloss/libnosys -L/home/student/Documents/SES/Lab6/ses-worksheet-6/newlib-cygwin/libgloss/arm    -c conftest.c -o conftest2.o
configure:4216: $? = 0
configure:4228: result: yes
configure:4256: checking for style of include used by make
configure:4284: result: GNU
configure:4310: checking dependency style of arm-none-eabi-gcc -B/home/student/Documents/SES/Lab6/ses-worksheet-6/newlib-arm-none-eabi/arm-none-eabi/newlib/ -isystem /home/student/Documents/SES/Lab6/ses-worksheet-6/newlib-arm-none-eabi/arm-none-eabi/newlib/targ-include -isystem /home/student/Documents/SES/Lab6/ses-worksheet-6/newlib-cygwin/newlib/libc/include -B/home/student/Documents/SES/Lab6/ses-worksheet-6/newlib-arm-none-eabi/arm-none-eabi/libgloss/arm -L/home/student/Documents/SES/Lab6/ses-worksheet-6/newlib-arm-none-eabi/arm-none-eabi/libgloss/libnosys -L/home/student/Documents/SES/Lab6/ses-worksheet-6/newlib-cygwin/libgloss/arm   
configure:4421: result: gcc3
configure:4445: checking dependency style of arm-none-eabi-gcc -B/home/student/Documents/SES/Lab6/ses-worksheet-6/newlib-arm-none-eabi/arm-none-eabi/newlib/ -isystem /home/student/Documents/SES/Lab6/ses-worksheet-6/newlib-arm-none-eabi/arm-none-eabi/newlib/targ-include -isystem /home/student/Documents/SES/Lab6/ses-worksheet-6/newlib-cygwin/newlib/libc/include -B/home/student/Documents/SES/Lab6/ses-worksheet-6/newlib-arm-none-eabi/arm-none-eabi/libgloss/arm -L/home/student/Documents/SES/Lab6/ses-worksheet-6/newlib-arm-none-eabi/arm-none-eabi/libgloss/libnosys -L/home/student/Documents/SES/Lab6/ses-worksheet-6/newlib-cygwin/libgloss/arm   
configure:4554: result: gcc3
configure:4575: checking for arm-none-eabi-ar
configure:4602: result: arm-none-eabi-ar
configure:4672: checking the archiver (arm-none-eabi-ar) interface
configure:4688: arm-none-eabi-gcc -B/home/student/Documents/SES/Lab6/ses-worksheet-6/newlib-arm-none-eabi/arm-none-eabi/newlib/ -isystem /home/student/Documents/SES/Lab6/ses-worksheet-6/newlib-arm-none-eabi/arm-none-eabi/newlib/targ-include -isystem /home/student/Documents/SES/Lab6/ses-worksheet-6/newlib-cygwin/newlib/libc/include -B/home/student/Documents/SES/Lab6/ses-worksheet-6/newlib-arm-none-eabi/arm-none-eabi/libgloss/arm -L/home/student/Documents/SES/Lab6/ses-worksheet-6/newlib-arm-none-eabi/arm-none-eabi/libgloss/libnosys -L/home/student/Documents/SES/Lab6/ses-worksheet-6/newlib-cygwin/libgloss/arm    -c -ffunction-sections -fdata-sections -DPREFER_SIZE_OVER_SPEED -D__OPTIMIZE_SIZE__ -Os -fomit-frame-pointer -march=armv7-m -mcpu=cortex-m3 -mthumb -mthumb-interwork -D__thumb2__ -D__BUFSIZ=256  conftest.c >&5
configure:4688: $? = 0
configure:4690: arm-none-eabi-ar cru libconftest.a conftest.o >&5
configure:4693: $? = 0
configure:4692: result: ar
configure:4717: checking for arm-none-eabi-ranlib
configure:4744: result: arm-none-eabi-ranlib
configure:4809: checking for arm-none-eabi-objcopy
configure:4836: result: arm-none-eabi-objcopy
configure:4901: checking for arm-none-eabi-objdump
configure:4928: result: arm-none-eabi-objdump
configure:5000: checking how to run the C preprocessor
configure:5031: arm-none-eabi-gcc -B/home/student/Documents/SES/Lab6/ses-worksheet-6/newlib-arm-none-eabi/arm-none-eabi/newlib/ -isystem /home/student/Documents/SES/Lab6/ses-worksheet-6/newlib-arm-none-eabi/arm-none-eabi/newlib/targ-include -isystem /home/student/Documents/SES/Lab6/ses-worksheet-6/newlib-cygwin/newlib/libc/include -B/home/student/Documents/SES/Lab6/ses-worksheet-6/newlib-arm-none-eabi/arm-none-eabi/libgloss/arm -L/home/student/Documents/SES/Lab6/ses-worksheet-6/newlib-arm-none-eabi/arm-none-eabi/libgloss/libnosys -L/home/student/Documents/SES/Lab6/ses-worksheet-6/newlib-cygwin/libgloss/arm    -E  conftest.c
configure:5031: $? = 0
configure:5045: arm-none-eabi-gcc -B/home/student/Documents/SES/Lab6/ses-worksheet-6/newlib-arm-none-eabi/arm-none-eabi/newlib/ -isystem /home/student/Documents/SES/Lab6/ses-worksheet-6/newlib-arm-none-eabi/arm-none-eabi/newlib/targ-include -isystem /home/student/Documents/SES/Lab6/ses-worksheet-6/newlib-cygwin/newlib/libc/include -B/home/student/Documents/SES/Lab6/ses-worksheet-6/newlib-arm-none-eabi/arm-none-eabi/libgloss/arm -L/home/student/Documents/SES/Lab6/ses-worksheet-6/newlib-arm-none-eabi/arm-none-eabi/libgloss/libnosys -L/home/student/Documents/SES/Lab6/ses-worksheet-6/newlib-cygwin/libgloss/arm    -E  conftest.c
conftest.c:10:10: fatal error: ac_nonexistent.h: No such file or directory
   10 | #include <ac_nonexistent.h>
      |          ^~~~~~~~~~~~~~~~~~
compilation terminated.
configure:5045: $? = 1
configure: failed program was:
| /* confdefs.h */
| #define PACKAGE_NAME "libgloss"
| #define PACKAGE_TARNAME "libgloss"
| #define PACKAGE_VERSION "LIBGLOSS_VERSION"
| #define PACKAGE_STRING "libgloss LIBGLOSS_VERSION"
| #define PACKAGE_BUGREPORT ""
| #define PACKAGE_URL ""
| #define HAVE_GNU_LD 1
| /* end confdefs.h.  */
| #include <ac_nonexistent.h>
configure:5070: result: arm-none-eabi-gcc -B/home/student/Documents/SES/Lab6/ses-worksheet-6/newlib-arm-none-eabi/arm-none-eabi/newlib/ -isystem /home/student/Documents/SES/Lab6/ses-worksheet-6/newlib-arm-none-eabi/arm-none-eabi/newlib/targ-include -isystem /home/student/Documents/SES/Lab6/ses-worksheet-6/newlib-cygwin/newlib/libc/include -B/home/student/Documents/SES/Lab6/ses-worksheet-6/newlib-arm-none-eabi/arm-none-eabi/libgloss/arm -L/home/student/Documents/SES/Lab6/ses-worksheet-6/newlib-arm-none-eabi/arm-none-eabi/libgloss/libnosys -L/home/student/Documents/SES/Lab6/ses-worksheet-6/newlib-cygwin/libgloss/arm    -E
configure:5090: arm-none-eabi-gcc -B/home/student/Documents/SES/Lab6/ses-worksheet-6/newlib-arm-none-eabi/arm-none-eabi/newlib/ -isystem /home/student/Documents/SES/Lab6/ses-worksheet-6/newlib-arm-none-eabi/arm-none-eabi/newlib/targ-include -isystem /home/student/Documents/SES/Lab6/ses-worksheet-6/newlib-cygwin/newlib/libc/include -B/home/student/Documents/SES/Lab6/ses-worksheet-6/newlib-arm-none-eabi/arm-none-eabi/libgloss/arm -L/home/student/Documents/SES/Lab6/ses-worksheet-6/newlib-arm-none-eabi/arm-none-eabi/libgloss/libnosys -L/home/student/Documents/SES/Lab6/ses-worksheet-6/newlib-cygwin/libgloss/arm    -E  conftest.c
configure:5090: $? = 0
configure:5104: arm-none-eabi-gcc -B/home/student/Documents/SES/Lab6/ses-worksheet-6/newlib-arm-none-eabi/arm-none-eabi/newlib/ -isystem /home/student/Documents/SES/Lab6/ses-worksheet-6/newlib-arm-none-eabi/arm-none-eabi/newlib/targ-include -isystem /home/student/Documents/SES/Lab6/ses-worksheet-6/newlib-cygwin/newlib/libc/include -B/home/student/Documents/SES/Lab6/ses-worksheet-6/newlib-arm-none-eabi/arm-none-eabi/libgloss/arm -L/home/student/Documents/SES/Lab6/ses-worksheet-6/newlib-arm-none-eabi/arm-none-eabi/libgloss/libnosys -L/home/student/Documents/SES/Lab6/ses-worksheet-6/newlib-cygwin/libgloss/arm    -E  conftest.c
conftest.c:10:10: fatal error: ac_nonexistent.h: No such file or directory
   10 | #include <ac_nonexistent.h>
      |          ^~~~~~~~~~~~~~~~~~
compilation terminated.
configure:5104: $? = 1
configure: failed program was:
| /* confdefs.h */
| #define PACKAGE_NAME "libgloss"
| #define PACKAGE_TARNAME "libgloss"
| #define PACKAGE_VERSION "LIBGLOSS_VERSION"
| #define PACKAGE_STRING "libgloss LIBGLOSS_VERSION"
| #define PACKAGE_BUGREPORT ""
| #define PACKAGE_URL ""
| #define HAVE_GNU_LD 1
| /* end confdefs.h.  */
| #include <ac_nonexistent.h>
configure:5133: checking if target is ELF
configure:5152: arm-none-eabi-gcc -B/home/student/Documents/SES/Lab6/ses-worksheet-6/newlib-arm-none-eabi/arm-none-eabi/newlib/ -isystem /home/student/Documents/SES/Lab6/ses-worksheet-6/newlib-arm-none-eabi/arm-none-eabi/newlib/targ-include -isystem /home/student/Documents/SES/Lab6/ses-worksheet-6/newlib-cygwin/newlib/libc/include -B/home/student/Documents/SES/Lab6/ses-worksheet-6/newlib-arm-none-eabi/arm-none-eabi/libgloss/arm -L/home/student/Documents/SES/Lab6/ses-worksheet-6/newlib-arm-none-eabi/arm-none-eabi/libgloss/libnosys -L/home/student/Documents/SES/Lab6/ses-worksheet-6/newlib-cygwin/libgloss/arm    -E  conftest.c
configure:5152: $? = 0
configure:5160: result: yes
configure:5168: checking for .previous assembler directive
configure:5179: arm-none-eabi-gcc -B/home/student/Documents/SES/Lab6/ses-worksheet-6/newlib-arm-none-eabi/arm-none-eabi/newlib/ -isystem /home/student/Documents/SES/Lab6/ses-worksheet-6/newlib-arm-none-eabi/arm-none-eabi/newlib/targ-include -isystem /home/student/Documents/SES/Lab6/ses-worksheet-6/newlib-cygwin/newlib/libc/include -B/home/student/Documents/SES/Lab6/ses-worksheet-6/newlib-arm-none-eabi/arm-none-eabi/libgloss/arm -L/home/student/Documents/SES/Lab6/ses-worksheet-6/newlib-arm-none-eabi/arm-none-eabi/libgloss/libnosys -L/home/student/Documents/SES/Lab6/ses-worksheet-6/newlib-cygwin/libgloss/arm    -c -ffunction-sections -fdata-sections -DPREFER_SIZE_OVER_SPEED -D__OPTIMIZE_SIZE__ -Os -fomit-frame-pointer -march=armv7-m -mcpu=cortex-m3 -mthumb -mthumb-interwork -D__thumb2__ -D__BUFSIZ=256 conftest.s 1>&5
configure:5182: $? = 0
configure:5188: result: yes
configure:5196: checking for .popsection assembler directive
configure:5207: arm-none-eabi-gcc -B/home/student/Documents/SES/Lab6/ses-worksheet-6/newlib-arm-none-eabi/arm-none-eabi/newlib/ -isystem /home/student/Documents/SES/Lab6/ses-worksheet-6/newlib-arm-none-eabi/arm-none-eabi/newlib/targ-include -isystem /home/student/Documents/SES/Lab6/ses-worksheet-6/newlib-cygwin/newlib/libc/include -B/home/student/Documents/SES/Lab6/ses-worksheet-6/newlib-arm-none-eabi/arm-none-eabi/libgloss/arm -L/home/student/Documents/SES/Lab6/ses-worksheet-6/newlib-arm-none-eabi/arm-none-eabi/libgloss/libnosys -L/home/student/Documents/SES/Lab6/ses-worksheet-6/newlib-cygwin/libgloss/arm    -c -ffunction-sections -fdata-sections -DPREFER_SIZE_OVER_SPEED -D__OPTIMIZE_SIZE__ -Os -fomit-frame-pointer -march=armv7-m -mcpu=cortex-m3 -mthumb -mthumb-interwork -D__thumb2__ -D__BUFSIZ=256 conftest.s 1>&5
configure:5210: $? = 0
configure:5216: result: yes
configure:5224: checking for section attributes
configure:5235: arm-none-eabi-gcc -B/home/student/Documents/SES/Lab6/ses-worksheet-6/newlib-arm-none-eabi/arm-none-eabi/newlib/ -isystem /home/student/Documents/SES/Lab6/ses-worksheet-6/newlib-arm-none-eabi/arm-none-eabi/newlib/targ-include -isystem /home/student/Documents/SES/Lab6/ses-worksheet-6/newlib-cygwin/newlib/libc/include -B/home/student/Documents/SES/Lab6/ses-worksheet-6/newlib-arm-none-eabi/arm-none-eabi/libgloss/arm -L/home/student/Documents/SES/Lab6/ses-worksheet-6/newlib-arm-none-eabi/arm-none-eabi/libgloss/libnosys -L/home/student/Documents/SES/Lab6/ses-worksheet-6/newlib-cygwin/libgloss/arm    -c -ffunction-sections -fdata-sections -DPREFER_SIZE_OVER_SPEED -D__OPTIMIZE_SIZE__ -Os -fomit-frame-pointer -march=armv7-m -mcpu=cortex-m3 -mthumb -mthumb-interwork -D__thumb2__ -D__BUFSIZ=256 conftest.c 1>&5
configure:5238: $? = 0
configure:5244: result: yes
configure:5252: checking for symbol prefix
configure:5262: arm-none-eabi-gcc -B/home/student/Documents/SES/Lab6/ses-worksheet-6/newlib-arm-none-eabi/arm-none-eabi/newlib/ -isystem /home/student/Documents/SES/Lab6/ses-worksheet-6/newlib-arm-none-eabi/arm-none-eabi/newlib/targ-include -isystem /home/student/Documents/SES/Lab6/ses-worksheet-6/newlib-cygwin/newlib/libc/include -B/home/student/Documents/SES/Lab6/ses-worksheet-6/newlib-arm-none-eabi/arm-none-eabi/libgloss/arm -L/home/student/Documents/SES/Lab6/ses-worksheet-6/newlib-arm-none-eabi/arm-none-eabi/libgloss/libnosys -L/home/student/Documents/SES/Lab6/ses-worksheet-6/newlib-cygwin/libgloss/arm    -S conftest.c -o - | fgrep $foo > /dev/null
conftest.c:1:1: warning: return type defaults to 'int' [-Wimplicit-int]
    1 | foo () { }
      | ^~~
configure:5265: $? = 1
configure:5270: arm-none-eabi-gcc -B/home/student/Documents/SES/Lab6/ses-worksheet-6/newlib-arm-none-eabi/arm-none-eabi/newlib/ -isystem /home/student/Documents/SES/Lab6/ses-worksheet-6/newlib-arm-none-eabi/arm-none-eabi/newlib/targ-include -isystem /home/student/Documents/SES/Lab6/ses-worksheet-6/newlib-cygwin/newlib/libc/include -B/home/student/Documents/SES/Lab6/ses-worksheet-6/newlib-arm-none-eabi/arm-none-eabi/libgloss/arm -L/home/student/Documents/SES/Lab6/ses-worksheet-6/newlib-arm-none-eabi/arm-none-eabi/libgloss/libnosys -L/home/student/Documents/SES/Lab6/ses-worksheet-6/newlib-cygwin/libgloss/arm    -S conftest.c -o - | fgrep _foo > /dev/null
conftest.c:1:1: warning: return type defaults to 'int' [-Wimplicit-int]
    1 | foo () { }
      | ^~~
configure:5273: $? = 1
configure:5280: result: 
configure:5576: checking for compiler search settings
configure:5592: result:  -isystem /usr/lib/gcc/arm-none-eabi/9.2.1/include -isystem /usr/lib/gcc/arm-none-eabi/9.2.1/include-fixed
configure:5703: updating cache ./config.cache
configure:5751: checking that generated files are newer than configure
configure:5757: result: done
configure:5992: creating ./config.status

## ---------------------- ##
## Running config.status. ##
## ---------------------- ##

This file was extended by libgloss config.status LIBGLOSS_VERSION, which was
generated by GNU Autoconf 2.69.  Invocation command line was

  CONFIG_FILES    = 
  CONFIG_HEADERS  = 
  CONFIG_LINKS    = 
  CONFIG_COMMANDS = 
  $ ./config.status 

on ubuntu

config.status:1055: creating Makefile
config.status:1055: creating config.h
config.status:1274: executing depfiles commands
config.status:1274: executing default-1 commands
config.status:1274: executing default-2 commands

## ---------------- ##
## Cache variables. ##
## ---------------- ##

ac_cv_build=x86_64-pc-linux-gnu
ac_cv_c_compiler_gnu=yes
ac_cv_env_CCASFLAGS_set=set
ac_cv_env_CCASFLAGS_value='-march=armv7-m -mcpu=cortex-m3 -mthumb -mthumb-interwork -D__thumb2__'
ac_cv_env_CCAS_set=
ac_cv_env_CCAS_value=
ac_cv_env_CC_set=set
ac_cv_env_CC_value='arm-none-eabi-gcc -B/home/student/Documents/SES/Lab6/ses-worksheet-6/newlib-arm-none-eabi/arm-none-eabi/newlib/ -isystem /home/student/Documents/SES/Lab6/ses-worksheet-6/newlib-arm-none-eabi/arm-none-eabi/newlib/targ-include -isystem /home/student/Documents/SES/Lab6/ses-worksheet-6/newlib-cygwin/newlib/libc/include -B/home/student/Documents/SES/Lab6/ses-worksheet-6/newlib-arm-none-eabi/arm-none-eabi/libgloss/arm -L/home/student/Documents/SES/Lab6/ses-worksheet-6/newlib-arm-none-eabi/arm-none-eabi/libgloss/libnosys -L/home/student/Documents/SES/Lab6/ses-worksheet-6/newlib-cygwin/libgloss/arm   '
ac_cv_env_CFLAGS_set=set
ac_cv_env_CFLAGS_value='-ffunction-sections -fdata-sections -DPREFER_SIZE_OVER_SPEED -D__OPTIMIZE_SIZE__ -Os -fomit-frame-pointer -march=armv7-m -mcpu=cortex-m3 -mthumb -mthumb-interwork -D__thumb2__ -D__BUFSIZ=256'
ac_cv_env_CPPFLAGS_set=set
ac_cv_env_CPPFLAGS_value=
ac_cv_env_CPP_set=
ac_cv_env_CPP_value=
ac_cv_env_LDFLAGS_set=set
ac_cv_env_LDFLAGS_value=
ac_cv_env_LIBS_set=
ac_cv_env_LIBS_value=
ac_cv_env_build_alias_set=set
ac_cv_env_build_alias_value=x86_64-pc-linux-gnu
ac_cv_env_host_alias_set=set
ac_cv_env_host_alias_value=arm-none-eabi
ac_cv_env_target_alias_set=set
ac_cv_env_target_alias_value=arm-none-eabi
ac_cv_host=arm-none-eabi
ac_cv_objext=o
ac_cv_path_mkdir=/usr/bin/mkdir
ac_cv_prog_AR=arm-none-eabi-ar
ac_cv_prog_AWK=mawk
ac_cv_prog_CC='arm-none-eabi-gcc -B/home/student/Documents/SES/Lab6/ses-worksheet-6/newlib-arm-none-eabi/arm-none-eabi/newlib/ -isystem /home/student/Documents/SES/Lab6/ses-worksheet-6/newlib-arm-none-eabi/arm-none-eabi/newlib/targ-include -isystem /home/student/Documents/SES/Lab6/ses-worksheet-6/newlib-cygwin/newlib/libc/include -B/home/student/Documents/SES/Lab6/ses-worksheet-6/newlib-arm-none-eabi/arm-none-eabi/libgloss/arm -L/home/student/Documents/SES/Lab6/ses-worksheet-6/newlib-arm-none-eabi/arm-none-eabi/libgloss/libnosys -L/home/student/Documents/SES/Lab6/ses-worksheet-6/newlib-cygwin/libgloss/arm   '
ac_cv_prog_CPP='arm-none-eabi-gcc -B/home/student/Documents/SES/Lab6/ses-worksheet-6/newlib-arm-none-eabi/arm-none-eabi/newlib/ -isystem /home/student/Documents/SES/Lab6/ses-worksheet-6/newlib-arm-none-eabi/arm-none-eabi/newlib/targ-include -isystem /home/student/Documents/SES/Lab6/ses-worksheet-6/newlib-cygwin/newlib/libc/include -B/home/student/Documents/SES/Lab6/ses-worksheet-6/newlib-arm-none-eabi/arm-none-eabi/libgloss/arm -L/home/student/Documents/SES/Lab6/ses-worksheet-6/newlib-arm-none-eabi/arm-none-eabi/libgloss/libnosys -L/home/student/Documents/SES/Lab6/ses-worksheet-6/newlib-cygwin/libgloss/arm    -E'
ac_cv_prog_OBJCOPY=arm-none-eabi-objcopy
ac_cv_prog_OBJDUMP=arm-none-eabi-objdump
ac_cv_prog_RANLIB=arm-none-eabi-ranlib
ac_cv_prog_STRIP=arm-none-eabi-strip
ac_cv_prog_cc_c89=
ac_cv_prog_cc_g=yes
ac_cv_prog_make_make_set=yes
ac_cv_target=arm-none-eabi
am_cv_CCAS_dependencies_compiler_type=gcc3
am_cv_CC_dependencies_compiler_type=gcc3
am_cv_ar_interface=ar
am_cv_make_support_nested_variables=yes
am_cv_prog_cc_c_o=yes
libc_cv_asm_popsection_directive=yes
libc_cv_asm_previous_directive=yes
libc_cv_compiler_isystem=' -isystem /usr/lib/gcc/arm-none-eabi/9.2.1/include -isystem /usr/lib/gcc/arm-none-eabi/9.2.1/include-fixed'
libc_cv_is_elf=yes
libc_cv_section_attributes=yes
libc_cv_symbol_prefix=

## ----------------- ##
## Output variables. ##
## ----------------- ##

AARCH64_OBJTYPE=''
ACLOCAL='${SHELL} /home/student/Documents/SES/Lab6/ses-worksheet-6/newlib-cygwin/missing aclocal-1.15'
AMDEPBACKSLASH='\'
AMDEP_FALSE='#'
AMDEP_TRUE=''
AMTAR='$${TAR-tar}'
AM_BACKSLASH='\'
AM_DEFAULT_V='$(AM_DEFAULT_VERBOSITY)'
AM_DEFAULT_VERBOSITY='0'
AM_V='$(V)'
AR='arm-none-eabi-ar'
ARM_OBJTYPE='elf-'
AUTOCONF='${SHELL} /home/student/Documents/SES/Lab6/ses-worksheet-6/newlib-cygwin/missing autoconf'
AUTOHEADER='${SHELL} /home/student/Documents/SES/Lab6/ses-worksheet-6/newlib-cygwin/missing autoheader'
AUTOMAKE='${SHELL} /home/student/Documents/SES/Lab6/ses-worksheet-6/newlib-cygwin/missing automake-1.15'
AWK='mawk'
CC='arm-none-eabi-gcc -B/home/student/Documents/SES/Lab6/ses-worksheet-6/newlib-arm-none-eabi/arm-none-eabi/newlib/ -isystem /home/student/Documents/SES/Lab6/ses-worksheet-6/newlib-arm-none-eabi/arm-none-eabi/newlib/targ-include -isystem /home/student/Documents/SES/Lab6/ses-worksheet-6/newlib-cygwin/newlib/libc/include -B/home/student/Documents/SES/Lab6/ses-worksheet-6/newlib-arm-none-eabi/arm-none-eabi/libgloss/arm -L/home/student/Documents/SES/Lab6/ses-worksheet-6/newlib-arm-none-eabi/arm-none-eabi/libgloss/libnosys -L/home/student/Documents/SES/Lab6/ses-worksheet-6/newlib-cygwin/libgloss/arm    -nostdinc  -isystem /usr/lib/gcc/arm-none-eabi/9.2.1/include -isystem /usr/lib/gcc/arm-none-eabi/9.2.1/include-fixed'
CCAS='arm-none-eabi-gcc -B/home/student/Documents/SES/Lab6/ses-worksheet-6/newlib-arm-none-eabi/arm-none-eabi/newlib/ -isystem /home/student/Documents/SES/Lab6/ses-worksheet-6/newlib-arm-none-eabi/arm-none-eabi/newlib/targ-include -isystem /home/student/Documents/SES/Lab6/ses-worksheet-6/newlib-cygwin/newlib/libc/include -B/home/student/Documents/SES/Lab6/ses-worksheet-6/newlib-arm-none-eabi/arm-none-eabi/libgloss/arm -L/home/student/Documents/SES/Lab6/ses-worksheet-6/newlib-arm-none-eabi/arm-none-eabi/libgloss/libnosys -L/home/student/Documents/SES/Lab6/ses-worksheet-6/newlib-cygwin/libgloss/arm   '
CCASDEPMODE='depmode=gcc3'
CCASFLAGS='-march=armv7-m -mcpu=cortex-m3 -mthumb -mthumb-interwork -D__thumb2__'
CCDEPMODE='depmode=gcc3'
CFLAGS='-ffunction-sections -fdata-sections -DPREFER_SIZE_OVER_SPEED -D__OPTIMIZE_SIZE__ -Os -fomit-frame-pointer -march=armv7-m -mcpu=cortex-m3 -mthumb -mthumb-interwork -D__thumb2__ -D__BUFSIZ=256'
CONFIG_AARCH64_FALSE=''
CONFIG_AARCH64_TRUE='#'
CONFIG_ARC64_FALSE=''
CONFIG_ARC64_TRUE='#'
CONFIG_ARC_FALSE=''
CONFIG_ARC_TRUE='#'
CONFIG_ARM_FALSE='#'
CONFIG_ARM_TRUE=''
CONFIG_BFIN_FALSE=''
CONFIG_BFIN_TRUE='#'
CONFIG_CR16_FALSE=''
CONFIG_CR16_TRUE='#'
CONFIG_CSKY_FALSE=''
CONFIG_CSKY_TRUE='#'
CONFIG_D30V_FALSE=''
CONFIG_D30V_TRUE='#'
CONFIG_EPIPHANY_FALSE=''
CONFIG_EPIPHANY_TRUE='#'
CONFIG_FR30_FALSE=''
CONFIG_FR30_TRUE='#'
CONFIG_FRV_FALSE=''
CONFIG_FRV_TRUE='#'
CONFIG_FT32_FALSE=''
CONFIG_FT32_TRUE='#'
CONFIG_I386_FALSE=''
CONFIG_I386_TRUE='#'
CONFIG_I960_FALSE=''
CONFIG_I960_TRUE='#'
CONFIG_IQ2000_FALSE=''
CONFIG_IQ2000_TRUE='#'
CONFIG_LIBNOSYS_FALSE='#'
CONFIG_LIBNOSYS_TRUE=''
CONFIG_LM32_FALSE=''
CONFIG_LM32_TRUE='#'
CONFIG_M32R_FALSE=''
CONFIG_M32R_TRUE='#'
CONFIG_MCORE_FALSE=''
CONFIG_MCORE_TRUE='#'
CONFIG_MICROBLAZE_FALSE=''
CONFIG_MICROBLAZE_TRUE='#'
CONFIG_MN10200_FALSE=''
CONFIG_MN10200_TRUE='#'
CONFIG_MN10300_FALSE=''
CONFIG_MN10300_TRUE='#'
CONFIG_MOXIE_FALSE=''
CONFIG_MOXIE_TRUE='#'
CONFIG_MSP430_FALSE=''
CONFIG_MSP430_TRUE='#'
CONFIG_NDS32_FALSE=''
CONFIG_NDS32_TRUE='#'
CONFIG_NIOS2_FALSE=''
CONFIG_NIOS2_TRUE='#'
CONFIG_OR1K_FALSE=''
CONFIG_OR1K_TRUE='#'
CONFIG_PRU_FALSE=''
CONFIG_PRU_TRUE='#'
CONFIG_RISCV_FALSE=''
CONFIG_RISCV_TRUE='#'
CONFIG_RL78_FALSE=''
CONFIG_RL78_TRUE='#'
CONFIG_RX_FALSE=''
CONFIG_RX_TRUE='#'
CONFIG_SPARC_FALSE=''
CONFIG_SPARC_LEON_FALSE=''
CONFIG_SPARC_LEON_TRUE='#'
CONFIG_SPARC_TRUE='#'
CONFIG_TIC6X_FALSE=''
CONFIG_TIC6X_TRUE='#'
CONFIG_V850_FALSE=''
CONFIG_V850_TRUE='#'
CONFIG_VISIUM_FALSE=''
CONFIG_VISIUM_TRUE='#'
CONFIG_WINCE_FALSE=''
CONFIG_WINCE_TRUE='#'
CONFIG_XSTORMY16_FALSE=''
CONFIG_XSTORMY16_TRUE='#'
CONFIG_XTENSA_FALSE=''
CONFIG_XTENSA_TRUE='#'
CPP='arm-none-eabi-gcc -B/home/student/Documents/SES/Lab6/ses-worksheet-6/newlib-arm-none-eabi/arm-none-eabi/newlib/ -isystem /home/student/Documents/SES/Lab6/ses-worksheet-6/newlib-arm-none-eabi/arm-none-eabi/newlib/targ-include -isystem /home/student/Documents/SES/Lab6/ses-worksheet-6/newlib-cygwin/newlib/libc/include -B/home/student/Documents/SES/Lab6/ses-worksheet-6/newlib-arm-none-eabi/arm-none-eabi/libgloss/arm -L/home/student/Documents/SES/Lab6/ses-worksheet-6/newlib-arm-none-eabi/arm-none-eabi/libgloss/libnosys -L/home/student/Documents/SES/Lab6/ses-worksheet-6/newlib-cygwin/libgloss/arm    -E'
CPPFLAGS=''
CYGPATH_W='echo'
DEFS='-DHAVE_CONFIG_H'
DEPDIR='.deps'
ECHO_C=''
ECHO_N='-n'
ECHO_T=''
EXEEXT=''
HAVE_DOC_FALSE='#'
HAVE_DOC_TRUE=''
HAVE_MULTISUBDIR_FALSE=''
HAVE_MULTISUBDIR_TRUE='#'
HAVE_XTENSA_BOARD_ESP32S3_FALSE=''
HAVE_XTENSA_BOARD_ESP32S3_TRUE='#'
HAVE_XTENSA_BOARD_ESP32_FALSE=''
HAVE_XTENSA_BOARD_ESP32_TRUE='#'
HAVE_XTENSA_BOARD_ESP_FALSE=''
HAVE_XTENSA_BOARD_ESP_TRUE='#'
I386_CPPFLAGS=''
INSTALL_DATA='/usr/bin/install -c -m 644'
INSTALL_PROGRAM='/usr/bin/install -c'
INSTALL_SCRIPT='/usr/bin/install -c'
INSTALL_STRIP_PROGRAM='$(install_sh) -c -s'
LD='arm-none-eabi-ld'
LDFLAGS=''
LIBOBJS=''
LIBS=''
LTLIBOBJS=''
M68K_TARGET='m68k'
MAINT='#'
MAINTAINER_MODE_FALSE=''
MAINTAINER_MODE_TRUE='#'
MAKEINFO='/home/student/Documents/SES/Lab6/ses-worksheet-6/newlib-cygwin/missing makeinfo --split-size=5000000'
MAY_SUPPLY_SYSCALLS_FALSE=''
MAY_SUPPLY_SYSCALLS_TRUE='#'
MCORE_BUILD_ELF_FALSE=''
MCORE_BUILD_ELF_TRUE='#'
MCORE_BUILD_PE_FALSE=''
MCORE_BUILD_PE_TRUE='#'
MIPS_BSP_LIST=''
MIPS_CRT0='crt0.o'
MIPS_PART_SPECIFIC_DEFINES=''
MIPS_PART_SPECIFIC_OBJ=''
MIPS_SCRIPT_LIST=''
MKDIR_P='/usr/bin/mkdir -p'
MN10300_BUILD_LIBCYGMON_FALSE=''
MN10300_BUILD_LIBCYGMON_TRUE='#'
MOXIE_BUILD_CRT0_FALSE='#'
MOXIE_BUILD_CRT0_TRUE=''
OBJCOPY='arm-none-eabi-objcopy'
OBJDUMP='arm-none-eabi-objdump'
OBJEXT='o'
PACKAGE='libgloss'
PACKAGE_BUGREPORT=''
PACKAGE_NAME='libgloss'
PACKAGE_STRING='libgloss LIBGLOSS_VERSION'
PACKAGE_TARNAME='libgloss'
PACKAGE_URL=''
PACKAGE_VERSION='LIBGLOSS_VERSION'
PATH_SEPARATOR=':'
RANLIB='arm-none-eabi-ranlib'
SET_MAKE=''
SHELL='/bin/bash'
SPARC_BUILD_CYGMON_FALSE='#'
SPARC_BUILD_CYGMON_TRUE=''
SPARC_BUILD_SLITE_FALSE=''
SPARC_BUILD_SLITE_TRUE='#'
SPARC_BUILD_SPLET_FALSE=''
SPARC_BUILD_SPLET_TRUE='#'
SPARC_CPU='SPARC'
SPARC_CYGMONLDSCRIPTTEMPL='cygmon.ld.src'
STRIP='arm-none-eabi-strip'
VERSION='LIBGLOSS_VERSION'
XTENSA_BOARD_ESP='unknown'
ac_ct_AR=''
ac_ct_CC=''
am__EXEEXT_FALSE=''
am__EXEEXT_TRUE='#'
am__fastdepCCAS_FALSE='#'
am__fastdepCCAS_TRUE=''
am__fastdepCC_FALSE='#'
am__fastdepCC_TRUE=''
am__include='include'
am__isrc=' -I$(srcdir)'
am__leading_dot='.'
am__nodep='_no'
am__quote=''
am__tar='$${TAR-tar} chof - "$$tardir"'
am__untar='$${TAR-tar} xf -'
bindir='${exec_prefix}/bin'
build='x86_64-pc-linux-gnu'
build_alias='x86_64-pc-linux-gnu'
build_cpu='x86_64'
build_os='linux-gnu'
build_vendor='pc'
datadir='${datarootdir}'
datarootdir='${prefix}/share'
docdir='${datarootdir}/doc/${PACKAGE_TARNAME}'
dvidir='${docdir}'
exec_prefix='${prefix}'
host='arm-none-eabi'
host_alias='arm-none-eabi'
host_cpu='arm'
host_makefile_frag_path='../../../newlib-cygwin/libgloss/config/default.mh'
host_os='eabi'
host_vendor='none'
htmldir='${docdir}'
includedir='${prefix}/include'
infodir='${datarootdir}/info'
install_sh='${SHELL} /home/student/Documents/SES/Lab6/ses-worksheet-6/newlib-cygwin/install-sh'
libdir='${exec_prefix}/lib'
libexecdir='${exec_prefix}/libexec'
localedir='${datarootdir}/locale'
localstatedir='${prefix}/var'
mandir='${datarootdir}/man'
mkdir_p='$(MKDIR_P)'
multi_basedir='../../../newlib-cygwin/libgloss/..'
oldincludedir='/usr/include'
pdfdir='${docdir}'
prefix='/home/student/Documents/SES/Lab6/ses-worksheet-6/newlib-arm-none-eabi'
program_transform_name='s&^&arm-none-eabi-&'
psdir='${docdir}'
sbindir='${exec_prefix}/sbin'
sharedstatedir='${prefix}/com'
subdirs=''
sysconfdir='${prefix}/etc'
target='arm-none-eabi'
target_alias='arm-none-eabi'
target_cpu='arm'
target_makefile_frag_path='../../../newlib-cygwin/libgloss/config/default.mt'
target_os='eabi'
target_vendor='none'

## ------------------- ##
## File substitutions. ##
## ------------------- ##

host_makefile_frag='../../../newlib-cygwin/libgloss/config/default.mh'
target_makefile_frag='../../../newlib-cygwin/libgloss/config/default.mt'

## ----------- ##
## confdefs.h. ##
## ----------- ##

/* confdefs.h */
#define PACKAGE_NAME "libgloss"
#define PACKAGE_TARNAME "libgloss"
#define PACKAGE_VERSION "LIBGLOSS_VERSION"
#define PACKAGE_STRING "libgloss LIBGLOSS_VERSION"
#define PACKAGE_BUGREPORT ""
#define PACKAGE_URL ""
#define HAVE_GNU_LD 1
#define HAVE_ELF 1
#define HAVE_ASM_PREVIOUS_DIRECTIVE 1
#define HAVE_ASM_POPSECTION_DIRECTIVE 1
#define HAVE_SECTION_ATTRIBUTES 1
#define __SYMBOL_PREFIX ""

configure: exit 0
