This file contains any messages produced by compilers while
running configure, to aid debugging if configure makes a mistake.

It was created by etc configure 0, which was
generated by GNU Autoconf 2.69.  Invocation command line was

  $ /home/student/Documents/SES/Lab6/ses-worksheet-6/newlib-cygwin/etc/configure --srcdir=../../newlib-cygwin/etc --cache-file=./config.cache --with-system-zlib --with-newlib --disable-newlib-supplied-syscalls -prefix=/home/student/Documents/SES/Lab6/ses-worksheet-6/newlib-arm-none-eabi --with-gnu-as --with-gun-ld --enable-multilib=no --program-transform-name=s&^&arm-none-eabi-& --disable-option-checking --build=x86_64-pc-linux-gnu --host=x86_64-pc-linux-gnu --target=arm-none-eabi

## --------- ##
## Platform. ##
## --------- ##

hostname = ubuntu
uname -m = x86_64
uname -r = 5.15.0-139-generic
uname -s = Linux
uname -v = #149~20.04.1-Ubuntu SMP Wed Apr 16 08:29:56 UTC 2025

/usr/bin/uname -p = x86_64
/bin/uname -X     = unknown

/bin/arch              = x86_64
/usr/bin/arch -k       = unknown
/usr/convex/getsysinfo = unknown
/usr/bin/hostinfo      = unknown
/bin/machine           = unknown
/usr/bin/oslevel       = unknown
/bin/universe          = unknown

PATH: /usr/local/sbin
PATH: /usr/local/bin
PATH: /usr/sbin
PATH: /usr/bin
PATH: /sbin
PATH: /bin
PATH: /usr/games
PATH: /usr/local/games
PATH: /snap/bin


## ----------- ##
## Core tests. ##
## ----------- ##

configure:1634: creating cache ./config.cache
configure:1712: checking whether to enable maintainer-specific portions of Makefiles
configure:1721: result: no
configure:1779: checking for a BSD-compatible install
configure:1847: result: /usr/bin/install -c
configure:1858: checking whether build environment is sane
configure:1913: result: yes
configure:2062: checking for a thread-safe mkdir -p
configure:2101: result: /usr/bin/mkdir -p
configure:2108: checking for gawk
configure:2135: result: mawk
configure:2146: checking whether make sets $(MAKE)
configure:2168: result: yes
configure:2197: checking whether make supports nested variables
configure:2214: result: yes
configure:2351: checking whether make supports nested variables
configure:2368: result: yes
configure:2439: updating cache ./config.cache
configure:2523: checking that generated files are newer than configure
configure:2529: result: done
configure:2537: creating ./config.status

## ---------------------- ##
## Running config.status. ##
## ---------------------- ##

This file was extended by etc config.status 0, which was
generated by GNU Autoconf 2.69.  Invocation command line was

  CONFIG_FILES    = 
  CONFIG_HEADERS  = 
  CONFIG_LINKS    = 
  CONFIG_COMMANDS = 
  $ ./config.status 

on ubuntu

config.status:741: creating Makefile

## ---------------- ##
## Cache variables. ##
## ---------------- ##

ac_cv_env_build_alias_set=set
ac_cv_env_build_alias_value=x86_64-pc-linux-gnu
ac_cv_env_host_alias_set=set
ac_cv_env_host_alias_value=x86_64-pc-linux-gnu
ac_cv_env_target_alias_set=set
ac_cv_env_target_alias_value=arm-none-eabi
ac_cv_path_mkdir=/usr/bin/mkdir
ac_cv_prog_AWK=mawk
ac_cv_prog_make_make_set=yes
am_cv_make_support_nested_variables=yes

## ----------------- ##
## Output variables. ##
## ----------------- ##

ACLOCAL='${SHELL} /home/student/Documents/SES/Lab6/ses-worksheet-6/newlib-cygwin/missing aclocal-1.15'
AMTAR='$${TAR-tar}'
AM_BACKSLASH='\'
AM_DEFAULT_V='$(AM_DEFAULT_VERBOSITY)'
AM_DEFAULT_VERBOSITY='0'
AM_V='$(V)'
AUTOCONF='${SHELL} /home/student/Documents/SES/Lab6/ses-worksheet-6/newlib-cygwin/missing autoconf'
AUTOHEADER='${SHELL} /home/student/Documents/SES/Lab6/ses-worksheet-6/newlib-cygwin/missing autoheader'
AUTOMAKE='${SHELL} /home/student/Documents/SES/Lab6/ses-worksheet-6/newlib-cygwin/missing automake-1.15'
AWK='mawk'
CYGPATH_W='echo'
DEFS='-DPACKAGE_NAME=\"etc\" -DPACKAGE_TARNAME=\"etc\" -DPACKAGE_VERSION=\"0\" -DPACKAGE_STRING=\"etc\ 0\" -DPACKAGE_BUGREPORT=\"\" -DPACKAGE_URL=\"\" -DPACKAGE=\"etc\" -DVERSION=\"0\"'
ECHO_C=''
ECHO_N='-n'
ECHO_T=''
INSTALL_DATA='/usr/bin/install -c -m 644'
INSTALL_PROGRAM='/usr/bin/install -c'
INSTALL_SCRIPT='/usr/bin/install -c'
INSTALL_STRIP_PROGRAM='$(install_sh) -c -s'
LIBOBJS=''
LIBS=''
LTLIBOBJS=''
MAINT='#'
MAINTAINER_MODE_FALSE=''
MAINTAINER_MODE_TRUE='#'
MAKEINFO='/home/student/Documents/SES/Lab6/ses-worksheet-6/newlib-cygwin/missing makeinfo --split-size=5000000'
MKDIR_P='/usr/bin/mkdir -p'
PACKAGE='etc'
PACKAGE_BUGREPORT=''
PACKAGE_NAME='etc'
PACKAGE_STRING='etc 0'
PACKAGE_TARNAME='etc'
PACKAGE_URL=''
PACKAGE_VERSION='0'
PATH_SEPARATOR=':'
SET_MAKE=''
SHELL='/bin/bash'
STRIP=''
VERSION='0'
am__isrc=' -I$(srcdir)'
am__leading_dot='.'
am__tar='$${TAR-tar} chof - "$$tardir"'
am__untar='$${TAR-tar} xf -'
bindir='${exec_prefix}/bin'
build_alias='x86_64-pc-linux-gnu'
datadir='${datarootdir}'
datarootdir='${prefix}/share'
docdir='${datarootdir}/doc/${PACKAGE_TARNAME}'
dvidir='${docdir}'
exec_prefix='${prefix}'
host_alias='x86_64-pc-linux-gnu'
htmldir='${docdir}'
includedir='${prefix}/include'
infodir='${datarootdir}/info'
install_sh='${SHELL} /home/student/Documents/SES/Lab6/ses-worksheet-6/newlib-cygwin/install-sh'
libdir='${exec_prefix}/lib'
libexecdir='${exec_prefix}/libexec'
localedir='${datarootdir}/locale'
localstatedir='${prefix}/var'
mandir='${datarootdir}/man'
mkdir_p='$(MKDIR_P)'
oldincludedir='/usr/include'
pdfdir='${docdir}'
prefix='/home/student/Documents/SES/Lab6/ses-worksheet-6/newlib-arm-none-eabi'
program_transform_name='s&^&arm-none-eabi-&'
psdir='${docdir}'
sbindir='${exec_prefix}/sbin'
sharedstatedir='${prefix}/com'
sysconfdir='${prefix}/etc'
target_alias='arm-none-eabi'

## ----------- ##
## confdefs.h. ##
## ----------- ##

/* confdefs.h */
#define PACKAGE_NAME "etc"
#define PACKAGE_TARNAME "etc"
#define PACKAGE_VERSION "0"
#define PACKAGE_STRING "etc 0"
#define PACKAGE_BUGREPORT ""
#define PACKAGE_URL ""
#define PACKAGE "etc"
#define VERSION "0"

configure: exit 0
