This file contains any messages produced by compilers while
running configure, to aid debugging if configure makes a mistake.

It was created by newlib configure 4.6.0, which was
generated by GNU Autoconf 2.69.  Invocation command line was

  $ /home/student/Documents/SES/Lab6/ses-worksheet-6/newlib-cygwin/newlib/configure --srcdir=../../../newlib-cygwin/newlib --cache-file=./config.cache --with-newlib --with-cross-host=x86_64-pc-linux-gnu --disable-newlib-supplied-syscalls -prefix=/home/student/Documents/SES/Lab6/ses-worksheet-6/newlib-arm-none-eabi --with-gnu-as --with-gun-ld --enable-multilib=no --program-transform-name=s&^&arm-none-eabi-& --disable-option-checking --with-target-subdir=arm-none-eabi --build=x86_64-pc-linux-gnu --host=arm-none-eabi --target=arm-none-eabi

## --------- ##
## Platform. ##
## --------- ##

hostname = ubuntu
uname -m = x86_64
uname -r = 5.15.0-139-generic
uname -s = Linux
uname -v = #149~20.04.1-Ubuntu SMP Wed Apr 16 08:29:56 UTC 2025

/usr/bin/uname -p = x86_64
/bin/uname -X     = unknown

/bin/arch              = x86_64
/usr/bin/arch -k       = unknown
/usr/convex/getsysinfo = unknown
/usr/bin/hostinfo      = unknown
/bin/machine           = unknown
/usr/bin/oslevel       = unknown
/bin/universe          = unknown

PATH: /usr/local/sbin
PATH: /usr/local/bin
PATH: /usr/sbin
PATH: /usr/bin
PATH: /sbin
PATH: /bin
PATH: /usr/games
PATH: /usr/local/games
PATH: /snap/bin


## ----------- ##
## Core tests. ##
## ----------- ##

configure:2135: creating cache ./config.cache
configure:2663: checking build system type
configure:2677: result: x86_64-pc-linux-gnu
configure:2697: checking host system type
configure:2710: result: arm-none-eabi
configure:2746: checking for a BSD-compatible install
configure:2814: result: /usr/bin/install -c
configure:2825: checking whether build environment is sane
configure:2880: result: yes
configure:2937: checking for arm-none-eabi-strip
configure:2964: result: arm-none-eabi-strip
configure:3029: checking for a thread-safe mkdir -p
configure:3068: result: /usr/bin/mkdir -p
configure:3075: checking for gawk
configure:3102: result: mawk
configure:3113: checking whether make sets $(MAKE)
configure:3135: result: yes
configure:3164: checking whether make supports nested variables
configure:3181: result: yes
configure:3205: checking for style of include used by make
configure:3233: result: GNU
configure:3264: checking for arm-none-eabi-gcc
configure:3291: result: arm-none-eabi-gcc -B/home/student/Documents/SES/Lab6/ses-worksheet-6/newlib-arm-none-eabi/arm-none-eabi/newlib/ -isystem /home/student/Documents/SES/Lab6/ses-worksheet-6/newlib-arm-none-eabi/arm-none-eabi/newlib/targ-include -isystem /home/student/Documents/SES/Lab6/ses-worksheet-6/newlib-cygwin/newlib/libc/include -B/home/student/Documents/SES/Lab6/ses-worksheet-6/newlib-arm-none-eabi/arm-none-eabi/libgloss/arm -L/home/student/Documents/SES/Lab6/ses-worksheet-6/newlib-arm-none-eabi/arm-none-eabi/libgloss/libnosys -L/home/student/Documents/SES/Lab6/ses-worksheet-6/newlib-cygwin/libgloss/arm   
configure:3560: checking for C compiler version
configure:3569: arm-none-eabi-gcc -B/home/student/Documents/SES/Lab6/ses-worksheet-6/newlib-arm-none-eabi/arm-none-eabi/newlib/ -isystem /home/student/Documents/SES/Lab6/ses-worksheet-6/newlib-arm-none-eabi/arm-none-eabi/newlib/targ-include -isystem /home/student/Documents/SES/Lab6/ses-worksheet-6/newlib-cygwin/newlib/libc/include -B/home/student/Documents/SES/Lab6/ses-worksheet-6/newlib-arm-none-eabi/arm-none-eabi/libgloss/arm -L/home/student/Documents/SES/Lab6/ses-worksheet-6/newlib-arm-none-eabi/arm-none-eabi/libgloss/libnosys -L/home/student/Documents/SES/Lab6/ses-worksheet-6/newlib-cygwin/libgloss/arm    --version >&5
arm-none-eabi-gcc (15:9-2019-q4-0ubuntu1) 9.2.1 20191025 (release) [ARM/arm-9-branch revision 277599]
Copyright (C) 2019 Free Software Foundation, Inc.
This is free software; see the source for copying conditions.  There is NO
warranty; not even for MERCHANTABILITY or FITNESS FOR A PARTICULAR PURPOSE.

configure:3580: $? = 0
configure:3569: arm-none-eabi-gcc -B/home/student/Documents/SES/Lab6/ses-worksheet-6/newlib-arm-none-eabi/arm-none-eabi/newlib/ -isystem /home/student/Documents/SES/Lab6/ses-worksheet-6/newlib-arm-none-eabi/arm-none-eabi/newlib/targ-include -isystem /home/student/Documents/SES/Lab6/ses-worksheet-6/newlib-cygwin/newlib/libc/include -B/home/student/Documents/SES/Lab6/ses-worksheet-6/newlib-arm-none-eabi/arm-none-eabi/libgloss/arm -L/home/student/Documents/SES/Lab6/ses-worksheet-6/newlib-arm-none-eabi/arm-none-eabi/libgloss/libnosys -L/home/student/Documents/SES/Lab6/ses-worksheet-6/newlib-cygwin/libgloss/arm    -v >&5
Using built-in specs.
COLLECT_GCC=arm-none-eabi-gcc
COLLECT_LTO_WRAPPER=/usr/lib/gcc/arm-none-eabi/9.2.1/lto-wrapper
Target: arm-none-eabi
Configured with: ../configure --build=x86_64-linux-gnu --prefix=/usr --includedir='/usr/lib/include' --mandir='/usr/lib/share/man' --infodir='/usr/lib/share/info' --sysconfdir=/etc --localstatedir=/var --disable-silent-rules --libdir='/usr/lib/lib/x86_64-linux-gnu' --libexecdir='/usr/lib/lib/x86_64-linux-gnu' --disable-maintainer-mode --disable-dependency-tracking --mandir=/usr/share/man --enable-languages=c,c++,lto --enable-multilib --disable-decimal-float --disable-libffi --disable-libgomp --disable-libmudflap --disable-libquadmath --disable-libssp --disable-libstdcxx-pch --disable-nls --disable-shared --disable-threads --enable-tls --build=x86_64-linux-gnu --target=arm-none-eabi --with-system-zlib --with-gnu-as --with-gnu-ld --with-pkgversion=15:9-2019-q4-0ubuntu1 --without-included-gettext --prefix=/usr/lib --infodir=/usr/share/doc/gcc-arm-none-eabi/info --htmldir=/usr/share/doc/gcc-arm-none-eabi/html --pdfdir=/usr/share/doc/gcc-arm-none-eabi/pdf --bindir=/usr/bin --libexecdir=/usr/lib --libdir=/usr/lib --disable-libstdc++-v3 --host=x86_64-linux-gnu --with-headers=no --without-newlib --with-multilib-list=rmprofile CFLAGS='-g -O2 -fdebug-prefix-map=/build/gcc-arm-none-eabi-Gl9kT9/gcc-arm-none-eabi-9-2019-q4=. -fstack-protector-strong' CPPFLAGS='-Wdate-time -D_FORTIFY_SOURCE=2' CXXFLAGS='-g -O2 -fdebug-prefix-map=/build/gcc-arm-none-eabi-Gl9kT9/gcc-arm-none-eabi-9-2019-q4=. -fstack-protector-strong' FCFLAGS='-g -O2 -fdebug-prefix-map=/build/gcc-arm-none-eabi-Gl9kT9/gcc-arm-none-eabi-9-2019-q4=. -fstack-protector-strong' FFLAGS='-g -O2 -fdebug-prefix-map=/build/gcc-arm-none-eabi-Gl9kT9/gcc-arm-none-eabi-9-2019-q4=. -fstack-protector-strong' GCJFLAGS='-g -O2 -fdebug-prefix-map=/build/gcc-arm-none-eabi-Gl9kT9/gcc-arm-none-eabi-9-2019-q4=. -fstack-protector-strong' LDFLAGS='-Wl,-Bsymbolic-functions -Wl,-z,relro' OBJCFLAGS='-g -O2 -fdebug-prefix-map=/build/gcc-arm-none-eabi-Gl9kT9/gcc-arm-none-eabi-9-2019-q4=. -fstack-protector-strong' OBJCXXFLAGS='-g -O2 -fdebug-prefix-map=/build/gcc-arm-none-eabi-Gl9kT9/gcc-arm-none-eabi-9-2019-q4=. -fstack-protector-strong' INHIBIT_LIBC_CFLAGS=-DUSE_TM_CLONE_REGISTRY=0 AR_FOR_TARGET=arm-none-eabi-ar AS_FOR_TARGET=arm-none-eabi-as LD_FOR_TARGET=arm-none-eabi-ld NM_FOR_TARGET=arm-none-eabi-nm OBJDUMP_FOR_TARGET=arm-none-eabi-objdump RANLIB_FOR_TARGET=arm-none-eabi-ranlib READELF_FOR_TARGET=arm-none-eabi-readelf STRIP_FOR_TARGET=arm-none-eabi-strip
Thread model: single
gcc version 9.2.1 20191025 (release) [ARM/arm-9-branch revision 277599] (15:9-2019-q4-0ubuntu1) 
configure:3580: $? = 0
configure:3569: arm-none-eabi-gcc -B/home/student/Documents/SES/Lab6/ses-worksheet-6/newlib-arm-none-eabi/arm-none-eabi/newlib/ -isystem /home/student/Documents/SES/Lab6/ses-worksheet-6/newlib-arm-none-eabi/arm-none-eabi/newlib/targ-include -isystem /home/student/Documents/SES/Lab6/ses-worksheet-6/newlib-cygwin/newlib/libc/include -B/home/student/Documents/SES/Lab6/ses-worksheet-6/newlib-arm-none-eabi/arm-none-eabi/libgloss/arm -L/home/student/Documents/SES/Lab6/ses-worksheet-6/newlib-arm-none-eabi/arm-none-eabi/libgloss/libnosys -L/home/student/Documents/SES/Lab6/ses-worksheet-6/newlib-cygwin/libgloss/arm    -V >&5
arm-none-eabi-gcc: error: unrecognized command line option '-V'
arm-none-eabi-gcc: fatal error: no input files
compilation terminated.
configure:3580: $? = 1
configure:3569: arm-none-eabi-gcc -B/home/student/Documents/SES/Lab6/ses-worksheet-6/newlib-arm-none-eabi/arm-none-eabi/newlib/ -isystem /home/student/Documents/SES/Lab6/ses-worksheet-6/newlib-arm-none-eabi/arm-none-eabi/newlib/targ-include -isystem /home/student/Documents/SES/Lab6/ses-worksheet-6/newlib-cygwin/newlib/libc/include -B/home/student/Documents/SES/Lab6/ses-worksheet-6/newlib-arm-none-eabi/arm-none-eabi/libgloss/arm -L/home/student/Documents/SES/Lab6/ses-worksheet-6/newlib-arm-none-eabi/arm-none-eabi/libgloss/libnosys -L/home/student/Documents/SES/Lab6/ses-worksheet-6/newlib-cygwin/libgloss/arm    -qversion >&5
arm-none-eabi-gcc: error: unrecognized command line option '-qversion'; did you mean '--version'?
arm-none-eabi-gcc: fatal error: no input files
compilation terminated.
configure:3580: $? = 1
configure:3600: arm-none-eabi-gcc -B/home/student/Documents/SES/Lab6/ses-worksheet-6/newlib-arm-none-eabi/arm-none-eabi/newlib/ -isystem /home/student/Documents/SES/Lab6/ses-worksheet-6/newlib-arm-none-eabi/arm-none-eabi/newlib/targ-include -isystem /home/student/Documents/SES/Lab6/ses-worksheet-6/newlib-cygwin/newlib/libc/include -B/home/student/Documents/SES/Lab6/ses-worksheet-6/newlib-arm-none-eabi/arm-none-eabi/libgloss/arm -L/home/student/Documents/SES/Lab6/ses-worksheet-6/newlib-arm-none-eabi/arm-none-eabi/libgloss/libnosys -L/home/student/Documents/SES/Lab6/ses-worksheet-6/newlib-cygwin/libgloss/arm    -o conftest -ffunction-sections -fdata-sections -DPREFER_SIZE_OVER_SPEED -D__OPTIMIZE_SIZE__ -Os -fomit-frame-pointer -march=armv7-m -mcpu=cortex-m3 -mthumb -mthumb-interwork -D__thumb2__ -D__BUFSIZ=256   conftest.c  >&5
/usr/lib/gcc/arm-none-eabi/9.2.1/../../../arm-none-eabi/bin/ld: /usr/lib/gcc/arm-none-eabi/9.2.1/../../../arm-none-eabi/lib/thumb/v7-m/nofp/libc.a(lib_a-exit.o): in function `exit':
/build/newlib-CVVEyx/newlib-3.3.0/build/arm-none-eabi/thumb/v7-m/nofp/newlib/libc/stdlib/../../../../../../../../newlib/libc/stdlib/exit.c:64: undefined reference to `_exit'
collect2: error: ld returned 1 exit status
configure:3604: $? = 1
configure:3817: checking whether we are cross compiling
configure:3855: result: yes
configure:3859: checking for suffix of object files
configure:3881: arm-none-eabi-gcc -B/home/student/Documents/SES/Lab6/ses-worksheet-6/newlib-arm-none-eabi/arm-none-eabi/newlib/ -isystem /home/student/Documents/SES/Lab6/ses-worksheet-6/newlib-arm-none-eabi/arm-none-eabi/newlib/targ-include -isystem /home/student/Documents/SES/Lab6/ses-worksheet-6/newlib-cygwin/newlib/libc/include -B/home/student/Documents/SES/Lab6/ses-worksheet-6/newlib-arm-none-eabi/arm-none-eabi/libgloss/arm -L/home/student/Documents/SES/Lab6/ses-worksheet-6/newlib-arm-none-eabi/arm-none-eabi/libgloss/libnosys -L/home/student/Documents/SES/Lab6/ses-worksheet-6/newlib-cygwin/libgloss/arm    -c -ffunction-sections -fdata-sections -DPREFER_SIZE_OVER_SPEED -D__OPTIMIZE_SIZE__ -Os -fomit-frame-pointer -march=armv7-m -mcpu=cortex-m3 -mthumb -mthumb-interwork -D__thumb2__ -D__BUFSIZ=256  conftest.c >&5
configure:3885: $? = 0
configure:3906: result: o
configure:3910: checking whether we are using the GNU C compiler
configure:3929: arm-none-eabi-gcc -B/home/student/Documents/SES/Lab6/ses-worksheet-6/newlib-arm-none-eabi/arm-none-eabi/newlib/ -isystem /home/student/Documents/SES/Lab6/ses-worksheet-6/newlib-arm-none-eabi/arm-none-eabi/newlib/targ-include -isystem /home/student/Documents/SES/Lab6/ses-worksheet-6/newlib-cygwin/newlib/libc/include -B/home/student/Documents/SES/Lab6/ses-worksheet-6/newlib-arm-none-eabi/arm-none-eabi/libgloss/arm -L/home/student/Documents/SES/Lab6/ses-worksheet-6/newlib-arm-none-eabi/arm-none-eabi/libgloss/libnosys -L/home/student/Documents/SES/Lab6/ses-worksheet-6/newlib-cygwin/libgloss/arm    -c -ffunction-sections -fdata-sections -DPREFER_SIZE_OVER_SPEED -D__OPTIMIZE_SIZE__ -Os -fomit-frame-pointer -march=armv7-m -mcpu=cortex-m3 -mthumb -mthumb-interwork -D__thumb2__ -D__BUFSIZ=256  conftest.c >&5
configure:3929: $? = 0
configure:3938: result: yes
configure:3947: checking whether arm-none-eabi-gcc -B/home/student/Documents/SES/Lab6/ses-worksheet-6/newlib-arm-none-eabi/arm-none-eabi/newlib/ -isystem /home/student/Documents/SES/Lab6/ses-worksheet-6/newlib-arm-none-eabi/arm-none-eabi/newlib/targ-include -isystem /home/student/Documents/SES/Lab6/ses-worksheet-6/newlib-cygwin/newlib/libc/include -B/home/student/Documents/SES/Lab6/ses-worksheet-6/newlib-arm-none-eabi/arm-none-eabi/libgloss/arm -L/home/student/Documents/SES/Lab6/ses-worksheet-6/newlib-arm-none-eabi/arm-none-eabi/libgloss/libnosys -L/home/student/Documents/SES/Lab6/ses-worksheet-6/newlib-cygwin/libgloss/arm    accepts -g
configure:3967: arm-none-eabi-gcc -B/home/student/Documents/SES/Lab6/ses-worksheet-6/newlib-arm-none-eabi/arm-none-eabi/newlib/ -isystem /home/student/Documents/SES/Lab6/ses-worksheet-6/newlib-arm-none-eabi/arm-none-eabi/newlib/targ-include -isystem /home/student/Documents/SES/Lab6/ses-worksheet-6/newlib-cygwin/newlib/libc/include -B/home/student/Documents/SES/Lab6/ses-worksheet-6/newlib-arm-none-eabi/arm-none-eabi/libgloss/arm -L/home/student/Documents/SES/Lab6/ses-worksheet-6/newlib-arm-none-eabi/arm-none-eabi/libgloss/libnosys -L/home/student/Documents/SES/Lab6/ses-worksheet-6/newlib-cygwin/libgloss/arm    -c -g  conftest.c >&5
configure:3967: $? = 0
configure:4008: result: yes
configure:4025: checking for arm-none-eabi-gcc -B/home/student/Documents/SES/Lab6/ses-worksheet-6/newlib-arm-none-eabi/arm-none-eabi/newlib/ -isystem /home/student/Documents/SES/Lab6/ses-worksheet-6/newlib-arm-none-eabi/arm-none-eabi/newlib/targ-include -isystem /home/student/Documents/SES/Lab6/ses-worksheet-6/newlib-cygwin/newlib/libc/include -B/home/student/Documents/SES/Lab6/ses-worksheet-6/newlib-arm-none-eabi/arm-none-eabi/libgloss/arm -L/home/student/Documents/SES/Lab6/ses-worksheet-6/newlib-arm-none-eabi/arm-none-eabi/libgloss/libnosys -L/home/student/Documents/SES/Lab6/ses-worksheet-6/newlib-cygwin/libgloss/arm    option to accept ISO C89
configure:4088: arm-none-eabi-gcc -B/home/student/Documents/SES/Lab6/ses-worksheet-6/newlib-arm-none-eabi/arm-none-eabi/newlib/ -isystem /home/student/Documents/SES/Lab6/ses-worksheet-6/newlib-arm-none-eabi/arm-none-eabi/newlib/targ-include -isystem /home/student/Documents/SES/Lab6/ses-worksheet-6/newlib-cygwin/newlib/libc/include -B/home/student/Documents/SES/Lab6/ses-worksheet-6/newlib-arm-none-eabi/arm-none-eabi/libgloss/arm -L/home/student/Documents/SES/Lab6/ses-worksheet-6/newlib-arm-none-eabi/arm-none-eabi/libgloss/libnosys -L/home/student/Documents/SES/Lab6/ses-worksheet-6/newlib-cygwin/libgloss/arm     -c -ffunction-sections -fdata-sections -DPREFER_SIZE_OVER_SPEED -D__OPTIMIZE_SIZE__ -Os -fomit-frame-pointer -march=armv7-m -mcpu=cortex-m3 -mthumb -mthumb-interwork -D__thumb2__ -D__BUFSIZ=256  conftest.c >&5
configure:4088: $? = 0
configure:4101: result: none needed
configure:4126: checking whether arm-none-eabi-gcc -B/home/student/Documents/SES/Lab6/ses-worksheet-6/newlib-arm-none-eabi/arm-none-eabi/newlib/ -isystem /home/student/Documents/SES/Lab6/ses-worksheet-6/newlib-arm-none-eabi/arm-none-eabi/newlib/targ-include -isystem /home/student/Documents/SES/Lab6/ses-worksheet-6/newlib-cygwin/newlib/libc/include -B/home/student/Documents/SES/Lab6/ses-worksheet-6/newlib-arm-none-eabi/arm-none-eabi/libgloss/arm -L/home/student/Documents/SES/Lab6/ses-worksheet-6/newlib-arm-none-eabi/arm-none-eabi/libgloss/libnosys -L/home/student/Documents/SES/Lab6/ses-worksheet-6/newlib-cygwin/libgloss/arm    understands -c and -o together
configure:4148: arm-none-eabi-gcc -B/home/student/Documents/SES/Lab6/ses-worksheet-6/newlib-arm-none-eabi/arm-none-eabi/newlib/ -isystem /home/student/Documents/SES/Lab6/ses-worksheet-6/newlib-arm-none-eabi/arm-none-eabi/newlib/targ-include -isystem /home/student/Documents/SES/Lab6/ses-worksheet-6/newlib-cygwin/newlib/libc/include -B/home/student/Documents/SES/Lab6/ses-worksheet-6/newlib-arm-none-eabi/arm-none-eabi/libgloss/arm -L/home/student/Documents/SES/Lab6/ses-worksheet-6/newlib-arm-none-eabi/arm-none-eabi/libgloss/libnosys -L/home/student/Documents/SES/Lab6/ses-worksheet-6/newlib-cygwin/libgloss/arm    -c conftest.c -o conftest2.o
configure:4151: $? = 0
configure:4148: arm-none-eabi-gcc -B/home/student/Documents/SES/Lab6/ses-worksheet-6/newlib-arm-none-eabi/arm-none-eabi/newlib/ -isystem /home/student/Documents/SES/Lab6/ses-worksheet-6/newlib-arm-none-eabi/arm-none-eabi/newlib/targ-include -isystem /home/student/Documents/SES/Lab6/ses-worksheet-6/newlib-cygwin/newlib/libc/include -B/home/student/Documents/SES/Lab6/ses-worksheet-6/newlib-arm-none-eabi/arm-none-eabi/libgloss/arm -L/home/student/Documents/SES/Lab6/ses-worksheet-6/newlib-arm-none-eabi/arm-none-eabi/libgloss/libnosys -L/home/student/Documents/SES/Lab6/ses-worksheet-6/newlib-cygwin/libgloss/arm    -c conftest.c -o conftest2.o
configure:4151: $? = 0
configure:4163: result: yes
configure:4182: checking dependency style of arm-none-eabi-gcc -B/home/student/Documents/SES/Lab6/ses-worksheet-6/newlib-arm-none-eabi/arm-none-eabi/newlib/ -isystem /home/student/Documents/SES/Lab6/ses-worksheet-6/newlib-arm-none-eabi/arm-none-eabi/newlib/targ-include -isystem /home/student/Documents/SES/Lab6/ses-worksheet-6/newlib-cygwin/newlib/libc/include -B/home/student/Documents/SES/Lab6/ses-worksheet-6/newlib-arm-none-eabi/arm-none-eabi/libgloss/arm -L/home/student/Documents/SES/Lab6/ses-worksheet-6/newlib-arm-none-eabi/arm-none-eabi/libgloss/libnosys -L/home/student/Documents/SES/Lab6/ses-worksheet-6/newlib-cygwin/libgloss/arm   
configure:4293: result: gcc3
configure:4313: checking how to run the C preprocessor
configure:4344: arm-none-eabi-gcc -B/home/student/Documents/SES/Lab6/ses-worksheet-6/newlib-arm-none-eabi/arm-none-eabi/newlib/ -isystem /home/student/Documents/SES/Lab6/ses-worksheet-6/newlib-arm-none-eabi/arm-none-eabi/newlib/targ-include -isystem /home/student/Documents/SES/Lab6/ses-worksheet-6/newlib-cygwin/newlib/libc/include -B/home/student/Documents/SES/Lab6/ses-worksheet-6/newlib-arm-none-eabi/arm-none-eabi/libgloss/arm -L/home/student/Documents/SES/Lab6/ses-worksheet-6/newlib-arm-none-eabi/arm-none-eabi/libgloss/libnosys -L/home/student/Documents/SES/Lab6/ses-worksheet-6/newlib-cygwin/libgloss/arm    -E  conftest.c
configure:4344: $? = 0
configure:4358: arm-none-eabi-gcc -B/home/student/Documents/SES/Lab6/ses-worksheet-6/newlib-arm-none-eabi/arm-none-eabi/newlib/ -isystem /home/student/Documents/SES/Lab6/ses-worksheet-6/newlib-arm-none-eabi/arm-none-eabi/newlib/targ-include -isystem /home/student/Documents/SES/Lab6/ses-worksheet-6/newlib-cygwin/newlib/libc/include -B/home/student/Documents/SES/Lab6/ses-worksheet-6/newlib-arm-none-eabi/arm-none-eabi/libgloss/arm -L/home/student/Documents/SES/Lab6/ses-worksheet-6/newlib-arm-none-eabi/arm-none-eabi/libgloss/libnosys -L/home/student/Documents/SES/Lab6/ses-worksheet-6/newlib-cygwin/libgloss/arm    -E  conftest.c
conftest.c:9:10: fatal error: ac_nonexistent.h: No such file or directory
    9 | #include <ac_nonexistent.h>
      |          ^~~~~~~~~~~~~~~~~~
compilation terminated.
configure:4358: $? = 1
configure: failed program was:
| /* confdefs.h */
| #define PACKAGE_NAME "newlib"
| #define PACKAGE_TARNAME "newlib"
| #define PACKAGE_VERSION "4.6.0"
| #define PACKAGE_STRING "newlib 4.6.0"
| #define PACKAGE_BUGREPORT ""
| #define PACKAGE_URL ""
| /* end confdefs.h.  */
| #include <ac_nonexistent.h>
configure:4383: result: arm-none-eabi-gcc -B/home/student/Documents/SES/Lab6/ses-worksheet-6/newlib-arm-none-eabi/arm-none-eabi/newlib/ -isystem /home/student/Documents/SES/Lab6/ses-worksheet-6/newlib-arm-none-eabi/arm-none-eabi/newlib/targ-include -isystem /home/student/Documents/SES/Lab6/ses-worksheet-6/newlib-cygwin/newlib/libc/include -B/home/student/Documents/SES/Lab6/ses-worksheet-6/newlib-arm-none-eabi/arm-none-eabi/libgloss/arm -L/home/student/Documents/SES/Lab6/ses-worksheet-6/newlib-arm-none-eabi/arm-none-eabi/libgloss/libnosys -L/home/student/Documents/SES/Lab6/ses-worksheet-6/newlib-cygwin/libgloss/arm    -E
configure:4403: arm-none-eabi-gcc -B/home/student/Documents/SES/Lab6/ses-worksheet-6/newlib-arm-none-eabi/arm-none-eabi/newlib/ -isystem /home/student/Documents/SES/Lab6/ses-worksheet-6/newlib-arm-none-eabi/arm-none-eabi/newlib/targ-include -isystem /home/student/Documents/SES/Lab6/ses-worksheet-6/newlib-cygwin/newlib/libc/include -B/home/student/Documents/SES/Lab6/ses-worksheet-6/newlib-arm-none-eabi/arm-none-eabi/libgloss/arm -L/home/student/Documents/SES/Lab6/ses-worksheet-6/newlib-arm-none-eabi/arm-none-eabi/libgloss/libnosys -L/home/student/Documents/SES/Lab6/ses-worksheet-6/newlib-cygwin/libgloss/arm    -E  conftest.c
configure:4403: $? = 0
configure:4417: arm-none-eabi-gcc -B/home/student/Documents/SES/Lab6/ses-worksheet-6/newlib-arm-none-eabi/arm-none-eabi/newlib/ -isystem /home/student/Documents/SES/Lab6/ses-worksheet-6/newlib-arm-none-eabi/arm-none-eabi/newlib/targ-include -isystem /home/student/Documents/SES/Lab6/ses-worksheet-6/newlib-cygwin/newlib/libc/include -B/home/student/Documents/SES/Lab6/ses-worksheet-6/newlib-arm-none-eabi/arm-none-eabi/libgloss/arm -L/home/student/Documents/SES/Lab6/ses-worksheet-6/newlib-arm-none-eabi/arm-none-eabi/libgloss/libnosys -L/home/student/Documents/SES/Lab6/ses-worksheet-6/newlib-cygwin/libgloss/arm    -E  conftest.c
conftest.c:9:10: fatal error: ac_nonexistent.h: No such file or directory
    9 | #include <ac_nonexistent.h>
      |          ^~~~~~~~~~~~~~~~~~
compilation terminated.
configure:4417: $? = 1
configure: failed program was:
| /* confdefs.h */
| #define PACKAGE_NAME "newlib"
| #define PACKAGE_TARNAME "newlib"
| #define PACKAGE_VERSION "4.6.0"
| #define PACKAGE_STRING "newlib 4.6.0"
| #define PACKAGE_BUGREPORT ""
| #define PACKAGE_URL ""
| /* end confdefs.h.  */
| #include <ac_nonexistent.h>
configure:4454: checking dependency style of arm-none-eabi-gcc -B/home/student/Documents/SES/Lab6/ses-worksheet-6/newlib-arm-none-eabi/arm-none-eabi/newlib/ -isystem /home/student/Documents/SES/Lab6/ses-worksheet-6/newlib-arm-none-eabi/arm-none-eabi/newlib/targ-include -isystem /home/student/Documents/SES/Lab6/ses-worksheet-6/newlib-cygwin/newlib/libc/include -B/home/student/Documents/SES/Lab6/ses-worksheet-6/newlib-arm-none-eabi/arm-none-eabi/libgloss/arm -L/home/student/Documents/SES/Lab6/ses-worksheet-6/newlib-arm-none-eabi/arm-none-eabi/libgloss/libnosys -L/home/student/Documents/SES/Lab6/ses-worksheet-6/newlib-cygwin/libgloss/arm   
configure:4563: result: gcc3
configure:4584: checking for arm-none-eabi-ar
configure:4611: result: arm-none-eabi-ar
configure:4681: checking the archiver (arm-none-eabi-ar) interface
configure:4697: arm-none-eabi-gcc -B/home/student/Documents/SES/Lab6/ses-worksheet-6/newlib-arm-none-eabi/arm-none-eabi/newlib/ -isystem /home/student/Documents/SES/Lab6/ses-worksheet-6/newlib-arm-none-eabi/arm-none-eabi/newlib/targ-include -isystem /home/student/Documents/SES/Lab6/ses-worksheet-6/newlib-cygwin/newlib/libc/include -B/home/student/Documents/SES/Lab6/ses-worksheet-6/newlib-arm-none-eabi/arm-none-eabi/libgloss/arm -L/home/student/Documents/SES/Lab6/ses-worksheet-6/newlib-arm-none-eabi/arm-none-eabi/libgloss/libnosys -L/home/student/Documents/SES/Lab6/ses-worksheet-6/newlib-cygwin/libgloss/arm    -c -ffunction-sections -fdata-sections -DPREFER_SIZE_OVER_SPEED -D__OPTIMIZE_SIZE__ -Os -fomit-frame-pointer -march=armv7-m -mcpu=cortex-m3 -mthumb -mthumb-interwork -D__thumb2__ -D__BUFSIZ=256  conftest.c >&5
configure:4697: $? = 0
configure:4699: arm-none-eabi-ar cru libconftest.a conftest.o >&5
configure:4702: $? = 0
configure:4701: result: ar
configure:4951: checking whether to enable maintainer-specific portions of Makefiles
configure:4960: result: no
configure:4984: checking whether make supports nested variables
configure:5001: result: yes
configure:5018: checking for arm-none-eabi-ranlib
configure:5045: result: arm-none-eabi-ranlib
configure:5110: checking for arm-none-eabi-readelf
configure:5137: result: arm-none-eabi-readelf
configure:5518: checking for long double
configure:5551: result: yes
configure:6258: checking for XCHAL_HAVE_FP_SQRT
configure:6280: arm-none-eabi-gcc -B/home/student/Documents/SES/Lab6/ses-worksheet-6/newlib-arm-none-eabi/arm-none-eabi/newlib/ -isystem /home/student/Documents/SES/Lab6/ses-worksheet-6/newlib-arm-none-eabi/arm-none-eabi/newlib/targ-include -isystem /home/student/Documents/SES/Lab6/ses-worksheet-6/newlib-cygwin/newlib/libc/include -B/home/student/Documents/SES/Lab6/ses-worksheet-6/newlib-arm-none-eabi/arm-none-eabi/libgloss/arm -L/home/student/Documents/SES/Lab6/ses-worksheet-6/newlib-arm-none-eabi/arm-none-eabi/libgloss/libnosys -L/home/student/Documents/SES/Lab6/ses-worksheet-6/newlib-cygwin/libgloss/arm    -E  conftest.c
configure:6280: $? = 0
configure:6287: result: yes
configure:6482: checking for build system executable suffix
gcc: error: am_c_test.c: No such file or directory
gcc: fatal error: no input files
compilation terminated.
configure:6497: result: no
configure:6685: checking if arm-none-eabi-gcc -B/home/student/Documents/SES/Lab6/ses-worksheet-6/newlib-arm-none-eabi/arm-none-eabi/newlib/ -isystem /home/student/Documents/SES/Lab6/ses-worksheet-6/newlib-arm-none-eabi/arm-none-eabi/newlib/targ-include -isystem /home/student/Documents/SES/Lab6/ses-worksheet-6/newlib-cygwin/newlib/libc/include -B/home/student/Documents/SES/Lab6/ses-worksheet-6/newlib-arm-none-eabi/arm-none-eabi/libgloss/arm -L/home/student/Documents/SES/Lab6/ses-worksheet-6/newlib-arm-none-eabi/arm-none-eabi/libgloss/libnosys -L/home/student/Documents/SES/Lab6/ses-worksheet-6/newlib-cygwin/libgloss/arm    has enabled misaligned hardware access
configure:6699: arm-none-eabi-gcc -B/home/student/Documents/SES/Lab6/ses-worksheet-6/newlib-arm-none-eabi/arm-none-eabi/newlib/ -isystem /home/student/Documents/SES/Lab6/ses-worksheet-6/newlib-arm-none-eabi/arm-none-eabi/newlib/targ-include -isystem /home/student/Documents/SES/Lab6/ses-worksheet-6/newlib-cygwin/newlib/libc/include -B/home/student/Documents/SES/Lab6/ses-worksheet-6/newlib-arm-none-eabi/arm-none-eabi/libgloss/arm -L/home/student/Documents/SES/Lab6/ses-worksheet-6/newlib-arm-none-eabi/arm-none-eabi/libgloss/libnosys -L/home/student/Documents/SES/Lab6/ses-worksheet-6/newlib-cygwin/libgloss/arm    -ffunction-sections -fdata-sections -DPREFER_SIZE_OVER_SPEED -D__OPTIMIZE_SIZE__ -Os -fomit-frame-pointer -march=armv7-m -mcpu=cortex-m3 -mthumb -mthumb-interwork -D__thumb2__ -D__BUFSIZ=256  -c conftest.c
conftest.c:4:2: error: #error "misaligned access is not supported"
    4 | #error "misaligned access is not supported"
      |  ^~~~~
configure:6702: $? = 1
configure:6709: result: no
configure:7284: checking for .preinit_array/.init_array/.fini_array support
configure:7297: arm-none-eabi-gcc -B/home/student/Documents/SES/Lab6/ses-worksheet-6/newlib-arm-none-eabi/arm-none-eabi/newlib/ -isystem /home/student/Documents/SES/Lab6/ses-worksheet-6/newlib-arm-none-eabi/arm-none-eabi/newlib/targ-include -isystem /home/student/Documents/SES/Lab6/ses-worksheet-6/newlib-cygwin/newlib/libc/include -B/home/student/Documents/SES/Lab6/ses-worksheet-6/newlib-arm-none-eabi/arm-none-eabi/libgloss/arm -L/home/student/Documents/SES/Lab6/ses-worksheet-6/newlib-arm-none-eabi/arm-none-eabi/libgloss/libnosys -L/home/student/Documents/SES/Lab6/ses-worksheet-6/newlib-cygwin/libgloss/arm    -ffunction-sections -fdata-sections -DPREFER_SIZE_OVER_SPEED -D__OPTIMIZE_SIZE__ -Os -fomit-frame-pointer -march=armv7-m -mcpu=cortex-m3 -mthumb -mthumb-interwork -D__thumb2__ -D__BUFSIZ=256  -c -o conftest conftest.c
							1>&5
configure:7300: $? = 0
configure:7313: result: yes
configure:7322: checking if arm-none-eabi-gcc -B/home/student/Documents/SES/Lab6/ses-worksheet-6/newlib-arm-none-eabi/arm-none-eabi/newlib/ -isystem /home/student/Documents/SES/Lab6/ses-worksheet-6/newlib-arm-none-eabi/arm-none-eabi/newlib/targ-include -isystem /home/student/Documents/SES/Lab6/ses-worksheet-6/newlib-cygwin/newlib/libc/include -B/home/student/Documents/SES/Lab6/ses-worksheet-6/newlib-arm-none-eabi/arm-none-eabi/libgloss/arm -L/home/student/Documents/SES/Lab6/ses-worksheet-6/newlib-arm-none-eabi/arm-none-eabi/libgloss/libnosys -L/home/student/Documents/SES/Lab6/ses-worksheet-6/newlib-cygwin/libgloss/arm    accepts -fno-tree-loop-distribute-patterns with __attribute__ ((__optimize__))
configure:7336: arm-none-eabi-gcc -B/home/student/Documents/SES/Lab6/ses-worksheet-6/newlib-arm-none-eabi/arm-none-eabi/newlib/ -isystem /home/student/Documents/SES/Lab6/ses-worksheet-6/newlib-arm-none-eabi/arm-none-eabi/newlib/targ-include -isystem /home/student/Documents/SES/Lab6/ses-worksheet-6/newlib-cygwin/newlib/libc/include -B/home/student/Documents/SES/Lab6/ses-worksheet-6/newlib-arm-none-eabi/arm-none-eabi/libgloss/arm -L/home/student/Documents/SES/Lab6/ses-worksheet-6/newlib-arm-none-eabi/arm-none-eabi/libgloss/libnosys -L/home/student/Documents/SES/Lab6/ses-worksheet-6/newlib-cygwin/libgloss/arm    -ffunction-sections -fdata-sections -DPREFER_SIZE_OVER_SPEED -D__OPTIMIZE_SIZE__ -Os -fomit-frame-pointer -march=armv7-m -mcpu=cortex-m3 -mthumb -mthumb-interwork -D__thumb2__ -D__BUFSIZ=256  -c
			    -fno-tree-loop-distribute-patterns conftest.c
configure:7339: $? = 0
configure:7346: result: yes
configure:7355: checking for long double
configure:7388: result: yes
configure:7410: checking whether long double equals double
configure:7426: arm-none-eabi-gcc -B/home/student/Documents/SES/Lab6/ses-worksheet-6/newlib-arm-none-eabi/arm-none-eabi/newlib/ -isystem /home/student/Documents/SES/Lab6/ses-worksheet-6/newlib-arm-none-eabi/arm-none-eabi/newlib/targ-include -isystem /home/student/Documents/SES/Lab6/ses-worksheet-6/newlib-cygwin/newlib/libc/include -B/home/student/Documents/SES/Lab6/ses-worksheet-6/newlib-arm-none-eabi/arm-none-eabi/libgloss/arm -L/home/student/Documents/SES/Lab6/ses-worksheet-6/newlib-arm-none-eabi/arm-none-eabi/libgloss/libnosys -L/home/student/Documents/SES/Lab6/ses-worksheet-6/newlib-cygwin/libgloss/arm    -ffunction-sections -fdata-sections -DPREFER_SIZE_OVER_SPEED -D__OPTIMIZE_SIZE__ -Os -fomit-frame-pointer -march=armv7-m -mcpu=cortex-m3 -mthumb -mthumb-interwork -D__thumb2__ -D__BUFSIZ=256  -c -o conftest.o conftest.c
							1>&5
configure:7429: $? = 0
configure:7438: result: yes
configure:7505: updating cache ./config.cache
configure:7565: checking that generated files are newer than configure
configure:7571: result: done
configure:8106: creating ./config.status

## ---------------------- ##
## Running config.status. ##
## ---------------------- ##

This file was extended by newlib config.status 4.6.0, which was
generated by GNU Autoconf 2.69.  Invocation command line was

  CONFIG_FILES    = 
  CONFIG_HEADERS  = 
  CONFIG_LINKS    = 
  CONFIG_COMMANDS = 
  $ ./config.status 

on ubuntu

config.status:1184: creating Makefile
config.status:1184: creating newlib.h
config.status:1184: creating _newlib_version.h
config.status:1398: executing default-1 commands
config.status:1398: executing depfiles commands

## ---------------- ##
## Cache variables. ##
## ---------------- ##

ac_cv_build=x86_64-pc-linux-gnu
ac_cv_c_compiler_gnu=yes
ac_cv_env_CCASFLAGS_set=set
ac_cv_env_CCASFLAGS_value='-march=armv7-m -mcpu=cortex-m3 -mthumb -mthumb-interwork -D__thumb2__'
ac_cv_env_CCAS_set=
ac_cv_env_CCAS_value=
ac_cv_env_CC_set=set
ac_cv_env_CC_value='arm-none-eabi-gcc -B/home/student/Documents/SES/Lab6/ses-worksheet-6/newlib-arm-none-eabi/arm-none-eabi/newlib/ -isystem /home/student/Documents/SES/Lab6/ses-worksheet-6/newlib-arm-none-eabi/arm-none-eabi/newlib/targ-include -isystem /home/student/Documents/SES/Lab6/ses-worksheet-6/newlib-cygwin/newlib/libc/include -B/home/student/Documents/SES/Lab6/ses-worksheet-6/newlib-arm-none-eabi/arm-none-eabi/libgloss/arm -L/home/student/Documents/SES/Lab6/ses-worksheet-6/newlib-arm-none-eabi/arm-none-eabi/libgloss/libnosys -L/home/student/Documents/SES/Lab6/ses-worksheet-6/newlib-cygwin/libgloss/arm   '
ac_cv_env_CFLAGS_set=set
ac_cv_env_CFLAGS_value='-ffunction-sections -fdata-sections -DPREFER_SIZE_OVER_SPEED -D__OPTIMIZE_SIZE__ -Os -fomit-frame-pointer -march=armv7-m -mcpu=cortex-m3 -mthumb -mthumb-interwork -D__thumb2__ -D__BUFSIZ=256'
ac_cv_env_CPPFLAGS_set=set
ac_cv_env_CPPFLAGS_value=
ac_cv_env_CPP_set=
ac_cv_env_CPP_value=
ac_cv_env_LDFLAGS_set=set
ac_cv_env_LDFLAGS_value=
ac_cv_env_LIBS_set=
ac_cv_env_LIBS_value=
ac_cv_env_build_alias_set=set
ac_cv_env_build_alias_value=x86_64-pc-linux-gnu
ac_cv_env_host_alias_set=set
ac_cv_env_host_alias_value=arm-none-eabi
ac_cv_env_target_alias_set=set
ac_cv_env_target_alias_value=arm-none-eabi
ac_cv_host=arm-none-eabi
ac_cv_objext=o
ac_cv_path_mkdir=/usr/bin/mkdir
ac_cv_prog_AR=arm-none-eabi-ar
ac_cv_prog_AWK=mawk
ac_cv_prog_CC='arm-none-eabi-gcc -B/home/student/Documents/SES/Lab6/ses-worksheet-6/newlib-arm-none-eabi/arm-none-eabi/newlib/ -isystem /home/student/Documents/SES/Lab6/ses-worksheet-6/newlib-arm-none-eabi/arm-none-eabi/newlib/targ-include -isystem /home/student/Documents/SES/Lab6/ses-worksheet-6/newlib-cygwin/newlib/libc/include -B/home/student/Documents/SES/Lab6/ses-worksheet-6/newlib-arm-none-eabi/arm-none-eabi/libgloss/arm -L/home/student/Documents/SES/Lab6/ses-worksheet-6/newlib-arm-none-eabi/arm-none-eabi/libgloss/libnosys -L/home/student/Documents/SES/Lab6/ses-worksheet-6/newlib-cygwin/libgloss/arm   '
ac_cv_prog_CPP='arm-none-eabi-gcc -B/home/student/Documents/SES/Lab6/ses-worksheet-6/newlib-arm-none-eabi/arm-none-eabi/newlib/ -isystem /home/student/Documents/SES/Lab6/ses-worksheet-6/newlib-arm-none-eabi/arm-none-eabi/newlib/targ-include -isystem /home/student/Documents/SES/Lab6/ses-worksheet-6/newlib-cygwin/newlib/libc/include -B/home/student/Documents/SES/Lab6/ses-worksheet-6/newlib-arm-none-eabi/arm-none-eabi/libgloss/arm -L/home/student/Documents/SES/Lab6/ses-worksheet-6/newlib-arm-none-eabi/arm-none-eabi/libgloss/libnosys -L/home/student/Documents/SES/Lab6/ses-worksheet-6/newlib-cygwin/libgloss/arm    -E'
ac_cv_prog_RANLIB=arm-none-eabi-ranlib
ac_cv_prog_READELF=arm-none-eabi-readelf
ac_cv_prog_STRIP=arm-none-eabi-strip
ac_cv_prog_cc_c89=
ac_cv_prog_cc_g=yes
ac_cv_prog_make_make_set=yes
ac_cv_type_long_double=yes
am_cv_CCAS_dependencies_compiler_type=gcc3
am_cv_CC_dependencies_compiler_type=gcc3
am_cv_ar_interface=ar
am_cv_make_support_nested_variables=yes
am_cv_prog_cc_c_o=yes
newlib_cv_build_exeext=no
newlib_cv_cc_loop_to_function=yes
newlib_cv_hw_misaligned_access=no
newlib_cv_initfinit_array=yes
newlib_cv_ldbl_eq_dbl=yes
newlib_cv_xchal_have_fp_sqrt=yes

## ----------------- ##
## Output variables. ##
## ----------------- ##

ACLOCAL='${SHELL} /home/student/Documents/SES/Lab6/ses-worksheet-6/newlib-cygwin/missing aclocal-1.15'
AMDEPBACKSLASH='\'
AMDEP_FALSE='#'
AMDEP_TRUE=''
AMTAR='$${TAR-tar}'
AM_BACKSLASH='\'
AM_DEFAULT_V='$(AM_DEFAULT_VERBOSITY)'
AM_DEFAULT_VERBOSITY='0'
AM_V='$(V)'
AR='arm-none-eabi-ar'
AUTOCONF='${SHELL} /home/student/Documents/SES/Lab6/ses-worksheet-6/newlib-cygwin/missing autoconf'
AUTOHEADER='${SHELL} /home/student/Documents/SES/Lab6/ses-worksheet-6/newlib-cygwin/missing autoheader'
AUTOMAKE='${SHELL} /home/student/Documents/SES/Lab6/ses-worksheet-6/newlib-cygwin/missing automake-1.15'
AWK='mawk'
CC='arm-none-eabi-gcc -B/home/student/Documents/SES/Lab6/ses-worksheet-6/newlib-arm-none-eabi/arm-none-eabi/newlib/ -isystem /home/student/Documents/SES/Lab6/ses-worksheet-6/newlib-arm-none-eabi/arm-none-eabi/newlib/targ-include -isystem /home/student/Documents/SES/Lab6/ses-worksheet-6/newlib-cygwin/newlib/libc/include -B/home/student/Documents/SES/Lab6/ses-worksheet-6/newlib-arm-none-eabi/arm-none-eabi/libgloss/arm -L/home/student/Documents/SES/Lab6/ses-worksheet-6/newlib-arm-none-eabi/arm-none-eabi/libgloss/libnosys -L/home/student/Documents/SES/Lab6/ses-worksheet-6/newlib-cygwin/libgloss/arm   '
CCAS='arm-none-eabi-gcc -B/home/student/Documents/SES/Lab6/ses-worksheet-6/newlib-arm-none-eabi/arm-none-eabi/newlib/ -isystem /home/student/Documents/SES/Lab6/ses-worksheet-6/newlib-arm-none-eabi/arm-none-eabi/newlib/targ-include -isystem /home/student/Documents/SES/Lab6/ses-worksheet-6/newlib-cygwin/newlib/libc/include -B/home/student/Documents/SES/Lab6/ses-worksheet-6/newlib-arm-none-eabi/arm-none-eabi/libgloss/arm -L/home/student/Documents/SES/Lab6/ses-worksheet-6/newlib-arm-none-eabi/arm-none-eabi/libgloss/libnosys -L/home/student/Documents/SES/Lab6/ses-worksheet-6/newlib-cygwin/libgloss/arm   '
CCASDEPMODE='depmode=gcc3'
CCASFLAGS='-march=armv7-m -mcpu=cortex-m3 -mthumb -mthumb-interwork -D__thumb2__'
CCDEPMODE='depmode=gcc3'
CC_FOR_BUILD='gcc'
CC_FOR_NEWLIB='arm-none-eabi-gcc -B/home/student/Documents/SES/Lab6/ses-worksheet-6/newlib-arm-none-eabi/arm-none-eabi/newlib/ -isystem /home/student/Documents/SES/Lab6/ses-worksheet-6/newlib-arm-none-eabi/arm-none-eabi/newlib/targ-include -isystem /home/student/Documents/SES/Lab6/ses-worksheet-6/newlib-cygwin/newlib/libc/include -B/home/student/Documents/SES/Lab6/ses-worksheet-6/newlib-arm-none-eabi/arm-none-eabi/libgloss/arm -L/home/student/Documents/SES/Lab6/ses-worksheet-6/newlib-arm-none-eabi/arm-none-eabi/libgloss/libnosys -L/home/student/Documents/SES/Lab6/ses-worksheet-6/newlib-cygwin/libgloss/arm   '
CFLAGS='-ffunction-sections -fdata-sections -DPREFER_SIZE_OVER_SPEED -D__OPTIMIZE_SIZE__ -Os -fomit-frame-pointer -march=armv7-m -mcpu=cortex-m3 -mthumb -mthumb-interwork -D__thumb2__ -D__BUFSIZ=256'
CPP='arm-none-eabi-gcc -B/home/student/Documents/SES/Lab6/ses-worksheet-6/newlib-arm-none-eabi/arm-none-eabi/newlib/ -isystem /home/student/Documents/SES/Lab6/ses-worksheet-6/newlib-arm-none-eabi/arm-none-eabi/newlib/targ-include -isystem /home/student/Documents/SES/Lab6/ses-worksheet-6/newlib-cygwin/newlib/libc/include -B/home/student/Documents/SES/Lab6/ses-worksheet-6/newlib-arm-none-eabi/arm-none-eabi/libgloss/arm -L/home/student/Documents/SES/Lab6/ses-worksheet-6/newlib-arm-none-eabi/arm-none-eabi/libgloss/libnosys -L/home/student/Documents/SES/Lab6/ses-worksheet-6/newlib-cygwin/libgloss/arm    -E'
CPPFLAGS=''
CRT0=''
CRT0_DIR=''
CRT1=''
CRT1_DIR=''
CYGPATH_W='echo'
DEFS='-DHAVE_CONFIG_H'
DEPDIR='.deps'
ECHO_C=''
ECHO_N='-n'
ECHO_T=''
ELIX_LEVEL_0_FALSE='#'
ELIX_LEVEL_0_TRUE=''
ELIX_LEVEL_1_FALSE=''
ELIX_LEVEL_1_TRUE='#'
ELIX_LEVEL_2_FALSE=''
ELIX_LEVEL_2_TRUE='#'
ELIX_LEVEL_3_FALSE=''
ELIX_LEVEL_3_TRUE='#'
ELIX_LEVEL_4_FALSE=''
ELIX_LEVEL_4_TRUE='#'
ENABLE_NEWLIB_ICONV_FALSE=''
ENABLE_NEWLIB_ICONV_TRUE='#'
EXEEXT=''
EXEEXT_FOR_BUILD=''
HAS_NDS32_FPU_DP_FALSE=''
HAS_NDS32_FPU_DP_TRUE='#'
HAS_NDS32_FPU_SP_FALSE=''
HAS_NDS32_FPU_SP_TRUE='#'
HAVE_CRT0_FALSE=''
HAVE_CRT0_TRUE='#'
HAVE_DOC_FALSE='#'
HAVE_DOC_TRUE=''
HAVE_FPMATH_H_FALSE=''
HAVE_FPMATH_H_TRUE='#'
HAVE_LIBC_MACHINE_AARCH64_FALSE=''
HAVE_LIBC_MACHINE_AARCH64_TRUE='#'
HAVE_LIBC_MACHINE_AMDGCN_FALSE=''
HAVE_LIBC_MACHINE_AMDGCN_TRUE='#'
HAVE_LIBC_MACHINE_ARC64_FALSE=''
HAVE_LIBC_MACHINE_ARC64_TRUE='#'
HAVE_LIBC_MACHINE_ARC_FALSE=''
HAVE_LIBC_MACHINE_ARC_TRUE='#'
HAVE_LIBC_MACHINE_ARM_FALSE='#'
HAVE_LIBC_MACHINE_ARM_TRUE=''
HAVE_LIBC_MACHINE_BFIN_FALSE=''
HAVE_LIBC_MACHINE_BFIN_TRUE='#'
HAVE_LIBC_MACHINE_CR16_FALSE=''
HAVE_LIBC_MACHINE_CR16_TRUE='#'
HAVE_LIBC_MACHINE_CRIS_FALSE=''
HAVE_LIBC_MACHINE_CRIS_TRUE='#'
HAVE_LIBC_MACHINE_CRX_FALSE=''
HAVE_LIBC_MACHINE_CRX_TRUE='#'
HAVE_LIBC_MACHINE_CSKY_FALSE=''
HAVE_LIBC_MACHINE_CSKY_TRUE='#'
HAVE_LIBC_MACHINE_D10V_FALSE=''
HAVE_LIBC_MACHINE_D10V_TRUE='#'
HAVE_LIBC_MACHINE_D30V_FALSE=''
HAVE_LIBC_MACHINE_D30V_TRUE='#'
HAVE_LIBC_MACHINE_EPIPHANY_FALSE=''
HAVE_LIBC_MACHINE_EPIPHANY_TRUE='#'
HAVE_LIBC_MACHINE_FR30_FALSE=''
HAVE_LIBC_MACHINE_FR30_TRUE='#'
HAVE_LIBC_MACHINE_FRV_FALSE=''
HAVE_LIBC_MACHINE_FRV_TRUE='#'
HAVE_LIBC_MACHINE_FT32_FALSE=''
HAVE_LIBC_MACHINE_FT32_TRUE='#'
HAVE_LIBC_MACHINE_H8300_FALSE=''
HAVE_LIBC_MACHINE_H8300_TRUE='#'
HAVE_LIBC_MACHINE_H8500_FALSE=''
HAVE_LIBC_MACHINE_H8500_TRUE='#'
HAVE_LIBC_MACHINE_HPPA_FALSE=''
HAVE_LIBC_MACHINE_HPPA_TRUE='#'
HAVE_LIBC_MACHINE_I386_FALSE=''
HAVE_LIBC_MACHINE_I386_TRUE='#'
HAVE_LIBC_MACHINE_I960_FALSE=''
HAVE_LIBC_MACHINE_I960_TRUE='#'
HAVE_LIBC_MACHINE_IQ2000_FALSE=''
HAVE_LIBC_MACHINE_IQ2000_TRUE='#'
HAVE_LIBC_MACHINE_LM32_FALSE=''
HAVE_LIBC_MACHINE_LM32_TRUE='#'
HAVE_LIBC_MACHINE_M32C_FALSE=''
HAVE_LIBC_MACHINE_M32C_TRUE='#'
HAVE_LIBC_MACHINE_M32R_FALSE=''
HAVE_LIBC_MACHINE_M32R_TRUE='#'
HAVE_LIBC_MACHINE_M68HC11_FALSE=''
HAVE_LIBC_MACHINE_M68HC11_TRUE='#'
HAVE_LIBC_MACHINE_M68K_FALSE=''
HAVE_LIBC_MACHINE_M68K_TRUE='#'
HAVE_LIBC_MACHINE_M88K_FALSE=''
HAVE_LIBC_MACHINE_M88K_TRUE='#'
HAVE_LIBC_MACHINE_MEP_FALSE=''
HAVE_LIBC_MACHINE_MEP_TRUE='#'
HAVE_LIBC_MACHINE_MICROBLAZE_FALSE=''
HAVE_LIBC_MACHINE_MICROBLAZE_TRUE='#'
HAVE_LIBC_MACHINE_MIPS_FALSE=''
HAVE_LIBC_MACHINE_MIPS_TRUE='#'
HAVE_LIBC_MACHINE_MN10200_FALSE=''
HAVE_LIBC_MACHINE_MN10200_TRUE='#'
HAVE_LIBC_MACHINE_MN10300_FALSE=''
HAVE_LIBC_MACHINE_MN10300_TRUE='#'
HAVE_LIBC_MACHINE_MOXIE_FALSE=''
HAVE_LIBC_MACHINE_MOXIE_TRUE='#'
HAVE_LIBC_MACHINE_MSP430_FALSE=''
HAVE_LIBC_MACHINE_MSP430_TRUE='#'
HAVE_LIBC_MACHINE_MT_FALSE=''
HAVE_LIBC_MACHINE_MT_TRUE='#'
HAVE_LIBC_MACHINE_NDS32_FALSE=''
HAVE_LIBC_MACHINE_NDS32_TRUE='#'
HAVE_LIBC_MACHINE_NECV70_FALSE=''
HAVE_LIBC_MACHINE_NECV70_TRUE='#'
HAVE_LIBC_MACHINE_NIOS2_FALSE=''
HAVE_LIBC_MACHINE_NIOS2_TRUE='#'
HAVE_LIBC_MACHINE_NVPTX_FALSE=''
HAVE_LIBC_MACHINE_NVPTX_TRUE='#'
HAVE_LIBC_MACHINE_OR1K_FALSE=''
HAVE_LIBC_MACHINE_OR1K_TRUE='#'
HAVE_LIBC_MACHINE_POWERPC_FALSE=''
HAVE_LIBC_MACHINE_POWERPC_TRUE='#'
HAVE_LIBC_MACHINE_PRU_FALSE=''
HAVE_LIBC_MACHINE_PRU_TRUE='#'
HAVE_LIBC_MACHINE_RISCV_FALSE=''
HAVE_LIBC_MACHINE_RISCV_TRUE='#'
HAVE_LIBC_MACHINE_RL78_FALSE=''
HAVE_LIBC_MACHINE_RL78_TRUE='#'
HAVE_LIBC_MACHINE_RX_FALSE=''
HAVE_LIBC_MACHINE_RX_TRUE='#'
HAVE_LIBC_MACHINE_SH_FALSE=''
HAVE_LIBC_MACHINE_SH_TRUE='#'
HAVE_LIBC_MACHINE_SPARC_FALSE=''
HAVE_LIBC_MACHINE_SPARC_TRUE='#'
HAVE_LIBC_MACHINE_SPU_FALSE=''
HAVE_LIBC_MACHINE_SPU_TRUE='#'
HAVE_LIBC_MACHINE_TIC4X_FALSE=''
HAVE_LIBC_MACHINE_TIC4X_TRUE='#'
HAVE_LIBC_MACHINE_TIC6X_FALSE=''
HAVE_LIBC_MACHINE_TIC6X_TRUE='#'
HAVE_LIBC_MACHINE_TIC80_FALSE=''
HAVE_LIBC_MACHINE_TIC80_TRUE='#'
HAVE_LIBC_MACHINE_V850_FALSE=''
HAVE_LIBC_MACHINE_V850_TRUE='#'
HAVE_LIBC_MACHINE_VISIUM_FALSE=''
HAVE_LIBC_MACHINE_VISIUM_TRUE='#'
HAVE_LIBC_MACHINE_W65_FALSE=''
HAVE_LIBC_MACHINE_W65_TRUE='#'
HAVE_LIBC_MACHINE_X86_64_FALSE=''
HAVE_LIBC_MACHINE_X86_64_TRUE='#'
HAVE_LIBC_MACHINE_XC16X_FALSE=''
HAVE_LIBC_MACHINE_XC16X_TRUE='#'
HAVE_LIBC_MACHINE_XSTORMY16_FALSE=''
HAVE_LIBC_MACHINE_XSTORMY16_TRUE='#'
HAVE_LIBC_MACHINE_XTENSA_FALSE=''
HAVE_LIBC_MACHINE_XTENSA_TRUE='#'
HAVE_LIBC_MACHINE_Z8K_FALSE=''
HAVE_LIBC_MACHINE_Z8K_TRUE='#'
HAVE_LIBC_SYS_A29KHIF_DIR_FALSE=''
HAVE_LIBC_SYS_A29KHIF_DIR_TRUE='#'
HAVE_LIBC_SYS_AMDGCN_DIR_FALSE=''
HAVE_LIBC_SYS_AMDGCN_DIR_TRUE='#'
HAVE_LIBC_SYS_ARM_DIR_FALSE='#'
HAVE_LIBC_SYS_ARM_DIR_TRUE=''
HAVE_LIBC_SYS_D10V_DIR_FALSE=''
HAVE_LIBC_SYS_D10V_DIR_TRUE='#'
HAVE_LIBC_SYS_EPIPHANY_DIR_FALSE=''
HAVE_LIBC_SYS_EPIPHANY_DIR_TRUE='#'
HAVE_LIBC_SYS_H8300HMS_DIR_FALSE=''
HAVE_LIBC_SYS_H8300HMS_DIR_TRUE='#'
HAVE_LIBC_SYS_H8500HMS_DIR_FALSE=''
HAVE_LIBC_SYS_H8500HMS_DIR_TRUE='#'
HAVE_LIBC_SYS_M88KBUG_DIR_FALSE=''
HAVE_LIBC_SYS_M88KBUG_DIR_TRUE='#'
HAVE_LIBC_SYS_MMIXWARE_DIR_FALSE=''
HAVE_LIBC_SYS_MMIXWARE_DIR_TRUE='#'
HAVE_LIBC_SYS_NETWARE_DIR_FALSE=''
HAVE_LIBC_SYS_NETWARE_DIR_TRUE='#'
HAVE_LIBC_SYS_OR1K_DIR_FALSE=''
HAVE_LIBC_SYS_OR1K_DIR_TRUE='#'
HAVE_LIBC_SYS_RDOS_DIR_FALSE=''
HAVE_LIBC_SYS_RDOS_DIR_TRUE='#'
HAVE_LIBC_SYS_RTEMS_DIR_FALSE=''
HAVE_LIBC_SYS_RTEMS_DIR_TRUE='#'
HAVE_LIBC_SYS_SH_DIR_FALSE=''
HAVE_LIBC_SYS_SH_DIR_TRUE='#'
HAVE_LIBC_SYS_SYSMEC_DIR_FALSE=''
HAVE_LIBC_SYS_SYSMEC_DIR_TRUE='#'
HAVE_LIBC_SYS_SYSNEC810_DIR_FALSE=''
HAVE_LIBC_SYS_SYSNEC810_DIR_TRUE='#'
HAVE_LIBC_SYS_SYSNECV850_DIR_FALSE=''
HAVE_LIBC_SYS_SYSNECV850_DIR_TRUE='#'
HAVE_LIBC_SYS_SYSVI386_DIR_FALSE=''
HAVE_LIBC_SYS_SYSVI386_DIR_TRUE='#'
HAVE_LIBC_SYS_SYSVNECV70_DIR_FALSE=''
HAVE_LIBC_SYS_SYSVNECV70_DIR_TRUE='#'
HAVE_LIBC_SYS_TIC80_DIR_FALSE=''
HAVE_LIBC_SYS_TIC80_DIR_TRUE='#'
HAVE_LIBC_SYS_TIRTOS_DIR_FALSE=''
HAVE_LIBC_SYS_TIRTOS_DIR_TRUE='#'
HAVE_LIBC_SYS_W65_DIR_FALSE=''
HAVE_LIBC_SYS_W65_DIR_TRUE='#'
HAVE_LIBC_SYS_Z8KSIM_DIR_FALSE=''
HAVE_LIBC_SYS_Z8KSIM_DIR_TRUE='#'
HAVE_LIBM_MACHINE_AARCH64_FALSE=''
HAVE_LIBM_MACHINE_AARCH64_TRUE='#'
HAVE_LIBM_MACHINE_AMDGCN_FALSE=''
HAVE_LIBM_MACHINE_AMDGCN_TRUE='#'
HAVE_LIBM_MACHINE_ARM_FALSE='#'
HAVE_LIBM_MACHINE_ARM_TRUE=''
HAVE_LIBM_MACHINE_I386_FALSE=''
HAVE_LIBM_MACHINE_I386_TRUE='#'
HAVE_LIBM_MACHINE_MIPS_FALSE=''
HAVE_LIBM_MACHINE_MIPS_TRUE='#'
HAVE_LIBM_MACHINE_NDS32_FALSE=''
HAVE_LIBM_MACHINE_NDS32_TRUE='#'
HAVE_LIBM_MACHINE_POWERPC_FALSE=''
HAVE_LIBM_MACHINE_POWERPC_TRUE='#'
HAVE_LIBM_MACHINE_PRU_FALSE=''
HAVE_LIBM_MACHINE_PRU_TRUE='#'
HAVE_LIBM_MACHINE_RISCV_FALSE=''
HAVE_LIBM_MACHINE_RISCV_TRUE='#'
HAVE_LIBM_MACHINE_SPARC_FALSE=''
HAVE_LIBM_MACHINE_SPARC_TRUE='#'
HAVE_LIBM_MACHINE_SPU_FALSE=''
HAVE_LIBM_MACHINE_SPU_TRUE='#'
HAVE_LIBM_MACHINE_X86_64_FALSE=''
HAVE_LIBM_MACHINE_X86_64_TRUE='#'
HAVE_LIBM_MACHINE_XTENSA_FALSE=''
HAVE_LIBM_MACHINE_XTENSA_TRUE='#'
HAVE_LONG_DOUBLE_FALSE='#'
HAVE_LONG_DOUBLE_TRUE=''
HAVE_MULTISUBDIR_FALSE=''
HAVE_MULTISUBDIR_TRUE='#'
HAVE_POSIX_DIR_FALSE=''
HAVE_POSIX_DIR_TRUE='#'
HAVE_POWERPC_ALTIVEC_FALSE=''
HAVE_POWERPC_ALTIVEC_TRUE='#'
HAVE_POWERPC_SPE_FALSE=''
HAVE_POWERPC_SPE_TRUE='#'
HAVE_SIGNAL_DIR_FALSE='#'
HAVE_SIGNAL_DIR_TRUE=''
HAVE_SPU_EA_FALSE=''
HAVE_SPU_EA_TRUE='#'
HAVE_STDIO64_DIR_FALSE=''
HAVE_STDIO64_DIR_TRUE='#'
HAVE_STDIO_DIR_FALSE='#'
HAVE_STDIO_DIR_TRUE=''
HAVE_SYSCALL_DIR_FALSE='#'
HAVE_SYSCALL_DIR_TRUE=''
HAVE_UNIX_DIR_FALSE=''
HAVE_UNIX_DIR_TRUE='#'
HAVE_XDR_DIR_FALSE=''
HAVE_XDR_DIR_TRUE='#'
INSTALL_DATA='/usr/bin/install -c -m 644'
INSTALL_PROGRAM='/usr/bin/install -c'
INSTALL_SCRIPT='/usr/bin/install -c'
INSTALL_STRIP_PROGRAM='$(install_sh) -c -s'
IS_NDS32_ISA_V3M_FALSE=''
IS_NDS32_ISA_V3M_TRUE='#'
LDFLAGS=''
LIBOBJS=''
LIBS=''
LTLIBOBJS=''
MACH_ADD_SETJMP_FALSE=''
MACH_ADD_SETJMP_TRUE='#'
MAINT='#'
MAINTAINER_MODE_FALSE=''
MAINTAINER_MODE_TRUE='#'
MAKEINFO='/home/student/Documents/SES/Lab6/ses-worksheet-6/newlib-cygwin/missing makeinfo --split-size=5000000'
MAY_SUPPLY_SYSCALLS_FALSE=''
MAY_SUPPLY_SYSCALLS_TRUE='#'
MKDIR_P='/usr/bin/mkdir -p'
NEWLIB_CFLAGS='-D_LIBC -fno-builtin -D__NO_SYSCALLS__ -DHAVE_SYSCONF_PAGESIZE -D_HAVE_INIT_FINI'
NEWLIB_HW_FP_FALSE=''
NEWLIB_HW_FP_TRUE='#'
NEWLIB_MAJOR_VERSION=''
NEWLIB_MINOR_VERSION=''
NEWLIB_NANO_FORMATTED_IO_FALSE=''
NEWLIB_NANO_FORMATTED_IO_TRUE='#'
NEWLIB_NANO_MALLOC_FALSE=''
NEWLIB_NANO_MALLOC_TRUE='#'
NEWLIB_PATCHLEVEL_VERSION=''
NEWLIB_RETARGETABLE_LOCKING_FALSE=''
NEWLIB_RETARGETABLE_LOCKING_TRUE='#'
NEWLIB_VERSION=''
NO_INCLUDE_LIST=' rpc/types.h rpc/xdr.h'
OBJEXT='o'
PACKAGE='newlib'
PACKAGE_BUGREPORT=''
PACKAGE_NAME='newlib'
PACKAGE_STRING='newlib 4.6.0'
PACKAGE_TARNAME='newlib'
PACKAGE_URL=''
PACKAGE_VERSION='4.6.0'
PATH_SEPARATOR=':'
RANLIB='arm-none-eabi-ranlib'
READELF='arm-none-eabi-readelf'
SET_MAKE=''
SH64_FALSE=''
SH64_TRUE='#'
SHELL='/bin/bash'
STRIP='arm-none-eabi-strip'
VERSION='4.6.0'
XTENSA_ESP32_PSRAM_CACHE_FIX_FALSE=''
XTENSA_ESP32_PSRAM_CACHE_FIX_TRUE='#'
XTENSA_XCHAL_HAVE_FP_SQRT_FALSE='#'
XTENSA_XCHAL_HAVE_FP_SQRT_TRUE=''
abs_newlib_basedir='/home/student/Documents/SES/Lab6/ses-worksheet-6/newlib-cygwin/newlib'
ac_ct_AR=''
ac_ct_CC=''
am__EXEEXT_FALSE=''
am__EXEEXT_TRUE='#'
am__fastdepCCAS_FALSE='#'
am__fastdepCCAS_TRUE=''
am__fastdepCC_FALSE='#'
am__fastdepCC_TRUE=''
am__include='include'
am__isrc=' -I$(srcdir)'
am__leading_dot='.'
am__nodep='_no'
am__quote=''
am__tar='$${TAR-tar} chof - "$$tardir"'
am__untar='$${TAR-tar} xf -'
bindir='${exec_prefix}/bin'
build='x86_64-pc-linux-gnu'
build_alias='x86_64-pc-linux-gnu'
build_cpu='x86_64'
build_os='linux-gnu'
build_vendor='pc'
datadir='${datarootdir}'
datarootdir='${prefix}/share'
docdir='${datarootdir}/doc/${PACKAGE_TARNAME}'
dvidir='${docdir}'
exec_prefix='${prefix}'
host='arm-none-eabi'
host_alias='arm-none-eabi'
host_cpu='arm'
host_os='eabi'
host_vendor='none'
htmldir='${docdir}'
includedir='${prefix}/include'
infodir='${datarootdir}/info'
install_sh='${SHELL} /home/student/Documents/SES/Lab6/ses-worksheet-6/newlib-cygwin/install-sh'
libdir='${exec_prefix}/lib'
libexecdir='${exec_prefix}/libexec'
libm_machine_dir='arm'
localedir='${datarootdir}/locale'
localstatedir='${prefix}/var'
lpfx='lib_a-'
machine_dir='arm'
mandir='${datarootdir}/man'
mkdir_p='$(MKDIR_P)'
multi_basedir='../../../newlib-cygwin/newlib/..'
newlib_basedir='../../../newlib-cygwin/newlib/.'
oldincludedir='/usr/include'
pdfdir='${docdir}'
prefix='/home/student/Documents/SES/Lab6/ses-worksheet-6/newlib-arm-none-eabi'
program_transform_name='s&^&arm-none-eabi-&'
psdir='${docdir}'
sbindir='${exec_prefix}/sbin'
shared_machine_dir=''
sharedstatedir='${prefix}/com'
sys_dir='arm'
sysconfdir='${prefix}/etc'
target_alias='arm-none-eabi'

## ----------- ##
## confdefs.h. ##
## ----------- ##

/* confdefs.h */
#define PACKAGE_NAME "newlib"
#define PACKAGE_TARNAME "newlib"
#define PACKAGE_VERSION "4.6.0"
#define PACKAGE_STRING "newlib 4.6.0"
#define PACKAGE_BUGREPORT ""
#define PACKAGE_URL ""
#define HAVE_LONG_DOUBLE 1
#define _NEWLIB_VERSION "4.6.0"
#define __NEWLIB__ 4
#define __NEWLIB_MINOR__ 6
#define __NEWLIB_PATCHLEVEL__ 0
#define _REENT_CHECK_VERIFY 1
#define _MB_LEN_MAX 1
#define _ATEXIT_DYNAMIC_ALLOC 1
#define _FVWRITE_IN_STREAMIO 1
#define _FSEEK_OPTIMIZATION 1
#define _WIDE_ORIENT 1
#define _UNBUF_STREAM_OPT 1
#define _WANT_USE_GDTOA 1
#define _HAVE_INITFINI_ARRAY 1
#define _HAVE_CC_INHIBIT_LOOP_TO_LIBCALL 1
#define HAVE_LONG_DOUBLE 1
#define _HAVE_LONG_DOUBLE 1
#define _LDBL_EQ_DBL 1

configure: exit 0

## ---------------------- ##
## Running config.status. ##
## ---------------------- ##

This file was extended by newlib config.status 4.6.0, which was
generated by GNU Autoconf 2.69.  Invocation command line was

  CONFIG_FILES    = 
  CONFIG_HEADERS  = 
  CONFIG_LINKS    = 
  CONFIG_COMMANDS = 
  $ ./config.status newlib.h

on ubuntu

config.status:1184: creating newlib.h

## ---------------------- ##
## Running config.status. ##
## ---------------------- ##

This file was extended by newlib config.status 4.6.0, which was
generated by GNU Autoconf 2.69.  Invocation command line was

  CONFIG_FILES    = 
  CONFIG_HEADERS  = 
  CONFIG_LINKS    = 
  CONFIG_COMMANDS = 
  $ ./config.status _newlib_version.h

on ubuntu

config.status:1184: creating _newlib_version.h
